Archive member included to satisfy reference by file (symbol)

c:/devkitPro/libgba/lib\libgba.a(console.o)
                              main.o (consoleDemoInit)
c:/devkitPro/libgba/lib\libgba.a(amiga.fnt.o)
                              c:/devkitPro/libgba/lib\libgba.a(console.o) (amiga_fnt_size)
c:/devkitPro/libgba/lib\libgba.a(CpuSet.o)
                              c:/devkitPro/libgba/lib\libgba.a(console.o) (CpuFastSet)
c:/devkitpro/devkitarm/bin/../lib/gcc/arm-none-eabi/4.9.2/../../../../arm-none-eabi/lib/thumb\libg.a(lib_a-impure.o)
                              c:/devkitPro/libgba/lib\libgba.a(console.o) (_impure_ptr)
c:/devkitpro/devkitarm/bin/../lib/gcc/arm-none-eabi/4.9.2/../../../../arm-none-eabi/lib/thumb\libg.a(lib_a-init.o)
                              c:/devkitpro/devkitarm/bin/../lib/gcc/arm-none-eabi/4.9.2/../../../../arm-none-eabi/lib/thumb/gba_crt0.o (__libc_init_array)
c:/devkitpro/devkitarm/bin/../lib/gcc/arm-none-eabi/4.9.2/../../../../arm-none-eabi/lib/thumb\libg.a(lib_a-memset.o)
                              Scanner.o (memset)
c:/devkitpro/devkitarm/bin/../lib/gcc/arm-none-eabi/4.9.2/../../../../arm-none-eabi/lib/thumb\libg.a(lib_a-printf.o)
                              main.o (printf)
c:/devkitpro/devkitarm/bin/../lib/gcc/arm-none-eabi/4.9.2/../../../../arm-none-eabi/lib/thumb\libg.a(lib_a-putchar.o)
                              Scanner.o (putchar)
c:/devkitpro/devkitarm/bin/../lib/gcc/arm-none-eabi/4.9.2/../../../../arm-none-eabi/lib/thumb\libg.a(lib_a-putc.o)
                              c:/devkitpro/devkitarm/bin/../lib/gcc/arm-none-eabi/4.9.2/../../../../arm-none-eabi/lib/thumb\libg.a(lib_a-putchar.o) (_putc_r)
c:/devkitpro/devkitarm/bin/../lib/gcc/arm-none-eabi/4.9.2/../../../../arm-none-eabi/lib/thumb\libg.a(lib_a-puts.o)
                              main.o (puts)
c:/devkitpro/devkitarm/bin/../lib/gcc/arm-none-eabi/4.9.2/../../../../arm-none-eabi/lib/thumb\libg.a(lib_a-setvbuf.o)
                              c:/devkitPro/libgba/lib\libgba.a(console.o) (setvbuf)
c:/devkitpro/devkitarm/bin/../lib/gcc/arm-none-eabi/4.9.2/../../../../arm-none-eabi/lib/thumb\libg.a(lib_a-siscanf.o)
                              c:/devkitPro/libgba/lib\libgba.a(console.o) (siscanf)
c:/devkitpro/devkitarm/bin/../lib/gcc/arm-none-eabi/4.9.2/../../../../arm-none-eabi/lib/thumb\libg.a(lib_a-stdio.o)
                              c:/devkitpro/devkitarm/bin/../lib/gcc/arm-none-eabi/4.9.2/../../../../arm-none-eabi/lib/thumb\libg.a(lib_a-siscanf.o) (__seofread)
c:/devkitpro/devkitarm/bin/../lib/gcc/arm-none-eabi/4.9.2/../../../../arm-none-eabi/lib/thumb\libg.a(lib_a-strlen.o)
                              c:/devkitpro/devkitarm/bin/../lib/gcc/arm-none-eabi/4.9.2/../../../../arm-none-eabi/lib/thumb\libg.a(lib_a-puts.o) (strlen)
c:/devkitpro/devkitarm/bin/../lib/gcc/arm-none-eabi/4.9.2/../../../../arm-none-eabi/lib/thumb\libg.a(lib_a-svfiscanf.o)
                              c:/devkitpro/devkitarm/bin/../lib/gcc/arm-none-eabi/4.9.2/../../../../arm-none-eabi/lib/thumb\libg.a(lib_a-siscanf.o) (__ssvfiscanf_r)
c:/devkitpro/devkitarm/bin/../lib/gcc/arm-none-eabi/4.9.2/../../../../arm-none-eabi/lib/thumb\libg.a(lib_a-ungetc.o)
                              c:/devkitpro/devkitarm/bin/../lib/gcc/arm-none-eabi/4.9.2/../../../../arm-none-eabi/lib/thumb\libg.a(lib_a-svfiscanf.o) (__submore)
c:/devkitpro/devkitarm/bin/../lib/gcc/arm-none-eabi/4.9.2/../../../../arm-none-eabi/lib/thumb\libg.a(lib_a-vfprintf.o)
                              c:/devkitpro/devkitarm/bin/../lib/gcc/arm-none-eabi/4.9.2/../../../../arm-none-eabi/lib/thumb\libg.a(lib_a-printf.o) (_vfprintf_r)
c:/devkitpro/devkitarm/bin/../lib/gcc/arm-none-eabi/4.9.2/../../../../arm-none-eabi/lib/thumb\libg.a(lib_a-wbuf.o)
                              c:/devkitpro/devkitarm/bin/../lib/gcc/arm-none-eabi/4.9.2/../../../../arm-none-eabi/lib/thumb\libg.a(lib_a-putc.o) (__swbuf_r)
c:/devkitpro/devkitarm/bin/../lib/gcc/arm-none-eabi/4.9.2/../../../../arm-none-eabi/lib/thumb\libg.a(lib_a-wcrtomb.o)
                              c:/devkitpro/devkitarm/bin/../lib/gcc/arm-none-eabi/4.9.2/../../../../arm-none-eabi/lib/thumb\libg.a(lib_a-vfprintf.o) (_wcrtomb_r)
c:/devkitpro/devkitarm/bin/../lib/gcc/arm-none-eabi/4.9.2/../../../../arm-none-eabi/lib/thumb\libg.a(lib_a-wcsrtombs.o)
                              c:/devkitpro/devkitarm/bin/../lib/gcc/arm-none-eabi/4.9.2/../../../../arm-none-eabi/lib/thumb\libg.a(lib_a-vfprintf.o) (_wcsrtombs_r)
c:/devkitpro/devkitarm/bin/../lib/gcc/arm-none-eabi/4.9.2/../../../../arm-none-eabi/lib/thumb\libg.a(lib_a-wctomb_r.o)
                              c:/devkitpro/devkitarm/bin/../lib/gcc/arm-none-eabi/4.9.2/../../../../arm-none-eabi/lib/thumb\libg.a(lib_a-wcrtomb.o) (__wctomb)
c:/devkitpro/devkitarm/bin/../lib/gcc/arm-none-eabi/4.9.2/../../../../arm-none-eabi/lib/thumb\libg.a(lib_a-wsetup.o)
[...]
Memory Configuration

Name             Origin             Length             Attributes
rom              0x08000000         0x02000000
iwram            0x03000000         0x00008000
ewram            0x02000000         0x00040000
*default*        0x00000000         0xffffffff

Linker script and memory map

                0x08000000                __text_start = ORIGIN (rom)
                0x02040000                __eheap_end = (ORIGIN (ewram) + 0x40000)
                0x03000000                __iwram_start = ORIGIN (iwram)
                0x03008000                __iwram_top = (ORIGIN (iwram) + 0x8000)
                0x03007fa0                __sp_irq = (__iwram_top - 0x60)
                0x03007f00                __sp_usr = (__sp_irq - 0xa0)
                0x03007ff8                __irq_flags = 0x3007ff8
                0x08000000                . = __text_start

.init           0x08000000      0x21c
 *(.init)
 .init          0x08000000      0x210 c:/devkitpro/devkitarm/bin/../lib/gcc/arm-none-eabi/4.9.2/../../../../arm-none-eabi/lib/thumb/gba_crt0.o
                0x08000000                _start
                0x080000c4                __boot_method
                0x080000c5                __slave_number
                0x080000e0                start_vector
 .init          0x08000210        0x4 c:/devkitpro/devkitarm/bin/../lib/gcc/arm-none-eabi/4.9.2/thumb/crti.o
                0x08000210                _init
 .init          0x08000214        0x8 c:/devkitpro/devkitarm/bin/../lib/gcc/arm-none-eabi/4.9.2/thumb/crtn.o
                0x0800021c                . = ALIGN (0x4)

.plt            0x0800021c        0x0
 *(.plt)
                0x0800021c                . = ALIGN (0x4)

.text           0x08000220    0x11cb8
 *(EXCLUDE_FILE(*.iwram*) .text)
 .text          0x08000220        0x0 c:/devkitpro/devkitarm/bin/../lib/gcc/arm-none-eabi/4.9.2/../../../../arm-none-eabi/lib/thumb/gba_crt0.o
 .text          0x08000220        0x0 c:/devkitpro/devkitarm/bin/../lib/gcc/arm-none-eabi/4.9.2/thumb/crti.o
 .text          0x08000220       0xd4 c:/devkitpro/devkitarm/bin/../lib/gcc/arm-none-eabi/4.9.2/thumb/crtbegin.o
 .text          0x080002f4       0x58 Input.o
                0x080002f4                Input::update()
                0x08000318                Input::GetKey()
                0x0800031c                Input::GetKey0()
                0x08000320                Input::GetKey1()
                0x08000324                Input::GetKey2()
                0x08000328                Input::isKey0(unsigned short)
                0x08000334                Input::isKey1(unsigned short)
                0x08000340                Input::isKey2(unsigned short)
 .text          0x0800034c      0x448 Scanner.o
                0x0800034c                Scanner::Scanner()
                0x0800034c                Scanner::Scanner()
                0x08000384                Scanner::update()
                0x08000470                Scanner::isPut()
                0x0800048c                Scanner::isBack()
                0x080004a8                Scanner::isEnter()
                0x080004b8                Scanner::Logic()
                0x08000570                Scanner::LogicModeHOME()
                0x080005bc                Scanner::LogicModeHOLD()
                0x08000608                Scanner::LogicModeFINI()
                0x08000620                Scanner::scanf(char*)
                0x08000784                Scanner::getLine()
                0x08000788                Scanner::getc()
 .text          0x08000794        0x4 main.o
                0x08000794                test()
 .text          0x08000798       0xcc gbascanf.o
                0x08000798                gbaScanf
 .text          0x08000864      0x628 c:/devkitPro/libgba/lib\libgba.a(console.o)
                0x08000864                con_read
                0x0800086c                con_close
                0x08000874                con_open
                0x08000890                upcvt_4bit
                0x080008f0                consoleCls
                0x08000920                consoleInit
                0x08000a38                consolePrintChar
                0x08000b20                consoleDemoInit
                0x08000c3c                con_write
 .text          0x08000e8c        0x0 c:/devkitPro/libgba/lib\libgba.a(amiga.fnt.o)
 .text          0x08000e8c        0x8 c:/devkitPro/libgba/lib\libgba.a(CpuSet.o)
                0x08000e8c                CpuSet
                0x08000e90                CpuFastSet
 .text          0x08000e94        0x0 c:/devkitpro/devkitarm/bin/../lib/gcc/arm-none-eabi/4.9.2/../../../../arm-none-eabi/lib/thumb\libg.a(lib_a-impure.o)
 .text          0x08000e94        0x0 c:/devkitpro/devkitarm/bin/../lib/gcc/arm-none-eabi/4.9.2/../../../../arm-none-eabi/lib/thumb\libg.a(lib_a-init.o)
 .text          0x08000e94        0x0 c:/devkitpro/devkitarm/bin/../lib/gcc/arm-none-eabi/4.9.2/../../../../arm-none-eabi/lib/thumb\libg.a(lib_a-memset.o)
 .text          0x08000e94        0x0 c:/devkitpro/devkitarm/bin/../lib/gcc/arm-none-eabi/4.9.2/../../../../arm-none-eabi/lib/thumb\libg.a(lib_a-printf.o)
 .text          0x08000e94        0x0 c:/devkitpro/devkitarm/bin/../lib/gcc/arm-none-eabi/4.9.2/../../../../arm-none-eabi/lib/thumb\libg.a(lib_a-putchar.o)
 .text          0x08000e94        0x0 c:/devkitpro/devkitarm/bin/../lib/gcc/arm-none-eabi/4.9.2/../../../../arm-none-eabi/lib/thumb\libg.a(lib_a-putc.o)
 .text          0x08000e94        0x0 c:/devkitpro/devkitarm/bin/../lib/gcc/arm-none-eabi/4.9.2/../../../../arm-none-eabi/lib/thumb\libg.a(lib_a-puts.o)
 .text          0x08000e94        0x0 c:/devkitpro/devkitarm/bin/../lib/gcc/arm-none-eabi/4.9.2/../../../../arm-none-eabi/lib/thumb\libg.a(lib_a-setvbuf.o)
 .text          0x08000e94        0x0 c:/devkitpro/devkitarm/bin/../lib/gcc/arm-none-eabi/4.9.2/../../../../arm-none-eabi/lib/thumb\libg.a(lib_a-siscanf.o)
 .text          0x08000e94        0x0 c:/devkitpro/devkitarm/bin/../lib/gcc/arm-none-eabi/4.9.2/../../../../arm-none-eabi/lib/thumb\libg.a(lib_a-stdio.o)
 .text          0x08000e94        0x0 c:/devkitpro/devkitarm/bin/../lib/gcc/arm-none-eabi/4.9.2/../../../../arm-none-eabi/lib/thumb\libg.a(lib_a-strlen.o)
 .text          0x08000e94        0x0 c:/devkitpro/devkitarm/bin/../lib/gcc/arm-none-eabi/4.9.2/../../../../arm-none-eabi/lib/thumb\libg.a(lib_a-svfiscanf.o)
 .text          0x08000e94        0x0 c:/devkitpro/devkitarm/bin/../lib/gcc/arm-none-eabi/4.9.2/../../../../arm-none-eabi/lib/thumb\libg.a(lib_a-ungetc.o)
 .text          0x08000e94        0x0 c:/devkitpro/devkitarm/bin/../lib/gcc/arm-none-eabi/4.9.2/../../../../arm-none-eabi/lib/thumb\libg.a(lib_a-vfprintf.o)
 .text          0x08000e94        0x0 c:/devkitpro/devkitarm/bin/../lib/gcc/arm-none-eabi/4.9.2/../../../../arm-none-eabi/lib/thumb\libg.a(lib_a-wbuf.o)
 .text          0x08000e94        0x0 c:/devkitpro/devkitarm/bin/../lib/gcc/arm-none-eabi/4.9.2/../../../../arm-none-eabi/lib/thumb\libg.a(lib_a-wcrtomb.o)
 .text          0x08000e94        0x0 c:/devkitpro/devkitarm/bin/../lib/gcc/arm-none-eabi/4.9.2/../../../../arm-none-eabi/lib/thumb\libg.a(lib_a-wcsrtombs.o)
 .text          0x08000e94        0x0 c:/devkitpro/devkitarm/bin/../lib/gcc/arm-none-eabi/4.9.2/../../../../arm-none-eabi/lib/thumb\libg.a(lib_a-wctomb_r.o)
 .text          0x08000e94        0x0 c:/devkitpro/devkitarm/bin/../lib/gcc/arm-none-eabi/4.9.2/../../../../arm-none-eabi/lib/thumb\libg.a(lib_a-wsetup.o)
 .text          0x08000e94        0x0 c:/devkitpro/devkitarm/bin/../lib/gcc/arm-none-eabi/4.9.2/../../../../arm-none-eabi/lib/thumb\libg.a(lib_a-ctype_.o)
 .text          0x08000e94        0x0 c:/devkitpro/devkitarm/bin/../lib/gcc/arm-none-eabi/4.9.2/../../../../arm-none-eabi/lib/thumb\libg.a(lib_a-dtoa.o)
 .text          0x08000e94        0x0 c:/devkitpro/devkitarm/bin/../lib/gcc/arm-none-eabi/4.9.2/../../../../arm-none-eabi/lib/thumb\libg.a(lib_a-fflush.o)
 .text          0x08000e94        0x0 c:/devkitpro/devkitarm/bin/../lib/gcc/arm-none-eabi/4.9.2/../../../../arm-none-eabi/lib/thumb\libg.a(lib_a-findfp.o)
 .text          0x08000e94        0x0 c:/devkitpro/devkitarm/bin/../lib/gcc/arm-none-eabi/4.9.2/../../../../arm-none-eabi/lib/thumb\libg.a(lib_a-freer.o)
 .text          0x08000e94        0x0 c:/devkitpro/devkitarm/bin/../lib/gcc/arm-none-eabi/4.9.2/../../../../arm-none-eabi/lib/thumb\libg.a(lib_a-fvwrite.o)
 .text          0x08000e94        0x0 c:/devkitpro/devkitarm/bin/../lib/gcc/arm-none-eabi/4.9.2/../../../../arm-none-eabi/lib/thumb\libg.a(lib_a-fwalk.o)
 .text          0x08000e94        0x0 c:/devkitpro/devkitarm/bin/../lib/gcc/arm-none-eabi/4.9.2/../../../../arm-none-eabi/lib/thumb\libg.a(lib_a-iswspace.o)
 .text          0x08000e94        0x0 c:/devkitpro/devkitarm/bin/../lib/gcc/arm-none-eabi/4.9.2/../../../../arm-none-eabi/lib/thumb\libg.a(lib_a-jp2uc.o)
 .text          0x08000e94        0x0 c:/devkitpro/devkitarm/bin/../lib/gcc/arm-none-eabi/4.9.2/../../../../arm-none-eabi/lib/thumb\libg.a(lib_a-locale.o)
 .text          0x08000e94        0x0 c:/devkitpro/devkitarm/bin/../lib/gcc/arm-none-eabi/4.9.2/../../../../arm-none-eabi/lib/thumb\libg.a(lib_a-makebuf.o)
 .text          0x08000e94        0x0 c:/devkitpro/devkitarm/bin/../lib/gcc/arm-none-eabi/4.9.2/../../../../arm-none-eabi/lib/thumb\libg.a(lib_a-malloc.o)
 .text          0x08000e94        0x0 c:/devkitpro/devkitarm/bin/../lib/gcc/arm-none-eabi/4.9.2/../../../../arm-none-eabi/lib/thumb\libg.a(lib_a-mallocr.o)
 .text          0x08000e94        0x0 c:/devkitpro/devkitarm/bin/../lib/gcc/arm-none-eabi/4.9.2/../../../../arm-none-eabi/lib/thumb\libg.a(lib_a-mbrtowc.o)
 .text          0x08000e94        0x0 c:/devkitpro/devkitarm/bin/../lib/gcc/arm-none-eabi/4.9.2/../../../../arm-none-eabi/lib/thumb\libg.a(lib_a-mbtowc_r.o)
 .text          0x08000e94        0x0 c:/devkitpro/devkitarm/bin/../lib/gcc/arm-none-eabi/4.9.2/../../../../arm-none-eabi/lib/thumb\libg.a(lib_a-memchr.o)
 .text          0x08000e94        0x0 c:/devkitpro/devkitarm/bin/../lib/gcc/arm-none-eabi/4.9.2/../../../../arm-none-eabi/lib/thumb\libg.a(lib_a-memcpy.o)
 .text          0x08000e94        0x0 c:/devkitpro/devkitarm/bin/../lib/gcc/arm-none-eabi/4.9.2/../../../../arm-none-eabi/lib/thumb\libg.a(lib_a-memmove.o)
 .text          0x08000e94        0x0 c:/devkitpro/devkitarm/bin/../lib/gcc/arm-none-eabi/4.9.2/../../../../arm-none-eabi/lib/thumb\libg.a(lib_a-mlock.o)
 .text          0x08000e94        0x0 c:/devkitpro/devkitarm/bin/../lib/gcc/arm-none-eabi/4.9.2/../../../../arm-none-eabi/lib/thumb\libg.a(lib_a-mprec.o)
 .text          0x08000e94        0x0 c:/devkitpro/devkitarm/bin/../lib/gcc/arm-none-eabi/4.9.2/../../../../arm-none-eabi/lib/thumb\libg.a(lib_a-reallocr.o)
 .text          0x08000e94        0x0 c:/devkitpro/devkitarm/bin/../lib/gcc/arm-none-eabi/4.9.2/../../../../arm-none-eabi/lib/thumb\libg.a(lib_a-sccl.o)
 .text          0x08000e94        0x0 c:/devkitpro/devkitarm/bin/../lib/gcc/arm-none-eabi/4.9.2/../../../../arm-none-eabi/lib/thumb\libg.a(lib_a-s_fpclassify.o)
 .text          0x08000e94        0x0 c:/devkitpro/devkitarm/bin/../lib/gcc/arm-none-eabi/4.9.2/../../../../arm-none-eabi/lib/thumb\libg.a(lib_a-s_frexp.o)
 .text          0x08000e94        0x0 c:/devkitpro/devkitarm/bin/../lib/gcc/arm-none-eabi/4.9.2/../../../../arm-none-eabi/lib/thumb\libg.a(lib_a-strcasecmp.o)
 .text          0x08000e94        0x0 c:/devkitpro/devkitarm/bin/../lib/gcc/arm-none-eabi/4.9.2/../../../../arm-none-eabi/lib/thumb\libg.a(lib_a-strcat.o)
 .text          0x08000e94        0x0 c:/devkitpro/devkitarm/bin/../lib/gcc/arm-none-eabi/4.9.2/../../../../arm-none-eabi/lib/thumb\libg.a(lib_a-strchr.o)
 .text          0x08000e94      0x224 c:/devkitpro/devkitarm/bin/../lib/gcc/arm-none-eabi/4.9.2/../../../../arm-none-eabi/lib/thumb\libg.a(lib_a-strcmp.o)
                0x08000e94                strcmp
 .text          0x080010b8        0x0 c:/devkitpro/devkitarm/bin/../lib/gcc/arm-none-eabi/4.9.2/../../../../arm-none-eabi/lib/thumb\libg.a(lib_a-strcpy.o)
 .text          0x080010b8        0x0 c:/devkitpro/devkitarm/bin/../lib/gcc/arm-none-eabi/4.9.2/../../../../arm-none-eabi/lib/thumb\libg.a(lib_a-strlcpy.o)
 .text          0x080010b8        0x0 c:/devkitpro/devkitarm/bin/../lib/gcc/arm-none-eabi/4.9.2/../../../../arm-none-eabi/lib/thumb\libg.a(lib_a-strncasecmp.o)
 .text          0x080010b8        0x0 c:/devkitpro/devkitarm/bin/../lib/gcc/arm-none-eabi/4.9.2/../../../../arm-none-eabi/lib/thumb\libg.a(lib_a-strncmp.o)
 .text          0x080010b8        0x0 c:/devkitpro/devkitarm/bin/../lib/gcc/arm-none-eabi/4.9.2/../../../../arm-none-eabi/lib/thumb\libg.a(lib_a-strncpy.o)
 .text          0x080010b8        0x0 c:/devkitpro/devkitarm/bin/../lib/gcc/arm-none-eabi/4.9.2/../../../../arm-none-eabi/lib/thumb\libg.a(lib_a-strtoll_r.o)
 .text          0x080010b8        0x0 c:/devkitpro/devkitarm/bin/../lib/gcc/arm-none-eabi/4.9.2/../../../../arm-none-eabi/lib/thumb\libg.a(lib_a-strtol.o)
 .text          0x080010b8        0x0 c:/devkitpro/devkitarm/bin/../lib/gcc/arm-none-eabi/4.9.2/../../../../arm-none-eabi/lib/thumb\libg.a(lib_a-strtoull_r.o)
 .text          0x080010b8        0x0 c:/devkitpro/devkitarm/bin/../lib/gcc/arm-none-eabi/4.9.2/../../../../arm-none-eabi/lib/thumb\libg.a(lib_a-strtoul.o)
 .text          0x080010b8        0x0 c:/devkitpro/devkitarm/bin/../lib/gcc/arm-none-eabi/4.9.2/../../../../arm-none-eabi/lib/thumb\libg.a(lib_a-svfiprintf.o)
 .text          0x080010b8        0x0 c:/devkitpro/devkitarm/bin/../lib/gcc/arm-none-eabi/4.9.2/../../../../arm-none-eabi/lib/thumb\libg.a(lib_a-vfiprintf.o)
 .text          0x080010b8        0x0 c:/devkitpro/devkitarm/bin/../lib/gcc/arm-none-eabi/4.9.2/../../../../arm-none-eabi/lib/thumb\libg.a(lib_a-wcsnrtombs.o)
 .text          0x080010b8        0x0 c:/devkitpro/devkitarm/bin/../lib/gcc/arm-none-eabi/4.9.2/../../../../arm-none-eabi/lib/thumb\libg.a(lib_a-callocr.o)
 .text          0x080010b8        0x0 c:/devkitpro/devkitarm/bin/../lib/gcc/arm-none-eabi/4.9.2/../../../../arm-none-eabi/lib/thumb\libg.a(lib_a-fclose.o)
 .text          0x080010b8        0x0 c:/devkitpro/devkitarm/bin/../lib/gcc/arm-none-eabi/4.9.2/../../../../arm-none-eabi/lib/thumb\libg.a(lib_a-fputwc.o)
 .text          0x080010b8        0x0 c:/devkitpro/devkitarm/bin/../lib/gcc/arm-none-eabi/4.9.2/../../../../arm-none-eabi/lib/thumb\libg.a(lib_a-getenv_r.o)
 .text          0x080010b8        0x0 c:/devkitpro/devkitarm/bin/../lib/gcc/arm-none-eabi/4.9.2/../../../../arm-none-eabi/lib/thumb\libg.a(lib_a-environ.o)
 .text          0x080010b8        0x0 c:/devkitpro/devkitarm/bin/../lib/gcc/arm-none-eabi/4.9.2/../../../../arm-none-eabi/lib/thumb\libg.a(lib_a-envlock.o)
 .text          0x080010b8      0x140 c:/devkitpro/devkitarm/bin/../lib/gcc/arm-none-eabi/4.9.2/../../../../arm-none-eabi/lib/thumb\libsysbase.a(iosupport.o)
                0x080010b8                setDefaultDevice
                0x080010c8                FindDevice
                0x08001138                RemoveDevice
                0x0800115c                AddDevice
                0x080011d8                GetDeviceOpTab
 .text          0x080011f8       0x54 c:/devkitpro/devkitarm/bin/../lib/gcc/arm-none-eabi/4.9.2/../../../../arm-none-eabi/lib/thumb\libsysbase.a(close.o)
                0x080011f8                _close_r
 .text          0x0800124c       0x44 c:/devkitpro/devkitarm/bin/../lib/gcc/arm-none-eabi/4.9.2/../../../../arm-none-eabi/lib/thumb\libsysbase.a(fstat.o)
                0x0800124c                _fstat_r
 .text          0x08001290        0x4 c:/devkitpro/devkitarm/bin/../lib/gcc/arm-none-eabi/4.9.2/../../../../arm-none-eabi/lib/thumb\libsysbase.a(isatty.o)
                0x08001290                _isatty_r
 .text          0x08001294       0x48 c:/devkitpro/devkitarm/bin/../lib/gcc/arm-none-eabi/4.9.2/../../../../arm-none-eabi/lib/thumb\libsysbase.a(lseek.o)
                0x08001294                _lseek_r
 .text          0x080012dc       0x48 c:/devkitpro/devkitarm/bin/../lib/gcc/arm-none-eabi/4.9.2/../../../../arm-none-eabi/lib/thumb\libsysbase.a(read.o)
                0x080012dc                _read_r
 .text          0x08001324       0x54 c:/devkitpro/devkitarm/bin/../lib/gcc/arm-none-eabi/4.9.2/../../../../arm-none-eabi/lib/thumb\libsysbase.a(sbrk.o)
                0x08001324                _sbrk_r
 .text          0x08001378       0x48 c:/devkitpro/devkitarm/bin/../lib/gcc/arm-none-eabi/4.9.2/../../../../arm-none-eabi/lib/thumb\libsysbase.a(write.o)
                0x08001378                _write_r
 .text          0x080013c0        0x0 c:/devkitpro/devkitarm/bin/../lib/gcc/arm-none-eabi/4.9.2/../../../../arm-none-eabi/lib/thumb\libsysbase.a(malloc_vars.o)
 .text          0x080013c0        0x8 c:/devkitpro/devkitarm/bin/../lib/gcc/arm-none-eabi/4.9.2/../../../../arm-none-eabi/lib/thumb\libsysbase.a(flock.o)
                0x080013c0                __flockfile
                0x080013c4                __funlockfile
 .text          0x080013c8      0x1a4 c:/devkitpro/devkitarm/bin/../lib/gcc/arm-none-eabi/4.9.2/../../../../arm-none-eabi/lib/thumb\libsysbase.a(handle_manager.o)
                0x080013c8                __free_handle
                0x080013fc                __release_handle
                0x08001424                __alloc_handle
                0x08001468                __get_handle
                0x08001484                dup
                0x080014dc                dup2
 .text          0x0800156c       0x28 c:/devkitpro/devkitarm/bin/../lib/gcc/arm-none-eabi/4.9.2/../../../../arm-none-eabi/lib/thumb\libsysbase.a(getreent.o)
                0x0800156c                __getreent
 .text          0x08001594      0x104 c:/devkitpro/devkitarm/bin/../lib/gcc/arm-none-eabi/4.9.2/../../../../arm-none-eabi/lib/thumb\libsysbase.a(syscall_support.o)
                0x08001594                __libc_lock_init
                0x080015ac                __libc_lock_acquire
                0x080015c4                __libc_lock_try_acquire
                0x080015e4                __libc_lock_release
                0x080015fc                __libc_lock_close
                0x08001614                __libc_lock_init_recursive
                0x0800162c                __libc_lock_acquire_recursive
                0x08001644                __libc_lock_try_acquire_recursive
                0x08001664                __libc_lock_release_recursive
                0x0800167c                __libc_lock_close_recursive
 .text          0x08001698      0x11c c:/devkitpro/devkitarm/bin/../lib/gcc/arm-none-eabi/4.9.2/thumb\libgcc.a(_udivsi3.o)
                0x08001698                __aeabi_uidiv
                0x08001698                __udivsi3
                0x08001794                __aeabi_uidivmod
 .text          0x080017b4      0x150 c:/devkitpro/devkitarm/bin/../lib/gcc/arm-none-eabi/4.9.2/thumb\libgcc.a(_divsi3.o)
                0x080017b4                __divsi3
                0x080017b4                __aeabi_idiv
                0x080018e4                __aeabi_idivmod
 .text          0x08001904        0x4 c:/devkitpro/devkitarm/bin/../lib/gcc/arm-none-eabi/4.9.2/thumb\libgcc.a(_dvmd_tls.o)
                0x08001904                __aeabi_idiv0
                0x08001904                __aeabi_ldiv0
 .text          0x08001908      0x41c c:/devkitpro/devkitarm/bin/../lib/gcc/arm-none-eabi/4.9.2/thumb\libgcc.a(_arm_addsubdf3.o)
                0x08001908                __aeabi_drsub
                0x08001910                __aeabi_dsub
                0x08001910                __subdf3
                0x08001914                __aeabi_dadd
                0x08001914                __adddf3
                0x08001c24                __floatunsidf
                0x08001c24                __aeabi_ui2d
                0x08001c48                __floatsidf
                0x08001c48                __aeabi_i2d
                0x08001c70                __aeabi_f2d
                0x08001c70                __extendsfdf2
                0x08001cb0                __floatundidf
                0x08001cb0                __aeabi_ul2d
                0x08001cc4                __floatdidf
                0x08001cc4                __aeabi_l2d
 .text          0x08001d24      0x49c c:/devkitpro/devkitarm/bin/../lib/gcc/arm-none-eabi/4.9.2/thumb\libgcc.a(_arm_muldivdf3.o)
                0x08001d24                __aeabi_dmul
                0x08001d24                __muldf3
                0x08001fb4                __divdf3
                0x08001fb4                __aeabi_ddiv
 .text          0x080021c0      0x144 c:/devkitpro/devkitarm/bin/../lib/gcc/arm-none-eabi/4.9.2/thumb\libgcc.a(_arm_cmpdf2.o)
                0x080021c0                __gtdf2
                0x080021c0                __gedf2
                0x080021c8                __ltdf2
                0x080021c8                __ledf2
                0x080021d0                __nedf2
                0x080021d0                __eqdf2
                0x080021d0                __cmpdf2
                0x08002258                __aeabi_cdrcmple
                0x08002274                __aeabi_cdcmpeq
                0x08002274                __aeabi_cdcmple
                0x0800228c                __aeabi_dcmpeq
                0x080022a4                __aeabi_dcmplt
                0x080022bc                __aeabi_dcmple
                0x080022d4                __aeabi_dcmpge
                0x080022ec                __aeabi_dcmpgt
 .text          0x08002304       0x5c c:/devkitpro/devkitarm/bin/../lib/gcc/arm-none-eabi/4.9.2/thumb\libgcc.a(_arm_fixdfsi.o)
                0x08002304                __aeabi_d2iz
                0x08002304                __fixdfsi
 .text          0x08002360       0x3c c:/devkitpro/devkitarm/bin/../lib/gcc/arm-none-eabi/4.9.2/thumb\libgcc.a(_aeabi_uldivmod.o)
                0x08002360                __aeabi_uldivmod
 .text          0x0800239c       0x60 c:/devkitpro/devkitarm/bin/../lib/gcc/arm-none-eabi/4.9.2/thumb\libgcc.a(_muldi3.o)
                0x0800239c                __muldi3
                0x0800239c                __aeabi_lmul
 .text          0x080023fc       0x74 c:/devkitpro/devkitarm/bin/../lib/gcc/arm-none-eabi/4.9.2/thumb\libgcc.a(bpabi.o)
                0x080023fc                __gnu_ldivmod_helper
                0x08002438                __gnu_uldivmod_helper
 .text          0x08002470      0x1f4 c:/devkitpro/devkitarm/bin/../lib/gcc/arm-none-eabi/4.9.2/thumb\libgcc.a(_divdi3.o)
                0x08002470                __divdi3
 .text          0x08002664      0x15c c:/devkitpro/devkitarm/bin/../lib/gcc/arm-none-eabi/4.9.2/thumb\libgcc.a(_udivdi3.o)
                0x08002664                __udivdi3
 .text          0x080027c0       0x28 c:/devkitpro/devkitarm/bin/../lib/gcc/arm-none-eabi/4.9.2/thumb\libgcc.a(_clzdi2.o)
                0x080027c0                __clzdi2
 .text          0x080027e8       0x48 c:/devkitpro/devkitarm/bin/../lib/gcc/arm-none-eabi/4.9.2/thumb\libgcc.a(_clzsi2.o)
                0x080027e8                __clzsi2
 .text          0x08002830        0x0 c:/devkitpro/devkitarm/bin/../lib/gcc/arm-none-eabi/4.9.2/../../../../arm-none-eabi/lib/thumb\libg.a(lib_a-errno.o)
 .text          0x08002830        0x0 c:/devkitpro/devkitarm/bin/../lib/gcc/arm-none-eabi/4.9.2/thumb/crtend.o
 .text          0x08002830        0x0 c:/devkitpro/devkitarm/bin/../lib/gcc/arm-none-eabi/4.9.2/thumb/crtn.o
 *(.text .stub .text.* .gnu.linkonce.t.*)
 .text.startup  0x08002830       0x3c main.o
                0x08002830                main
 .text.__libc_init_array
                0x0800286c       0x58 c:/devkitpro/devkitarm/bin/../lib/gcc/arm-none-eabi/4.9.2/../../../../arm-none-eabi/lib/thumb\libg.a(lib_a-init.o)
                0x0800286c                __libc_init_array
 .text.memset   0x080028c4       0x98 c:/devkitpro/devkitarm/bin/../lib/gcc/arm-none-eabi/4.9.2/../../../../arm-none-eabi/lib/thumb\libg.a(lib_a-memset.o)
                0x080028c4                memset
 .text._printf_r
                0x0800295c       0x1c c:/devkitpro/devkitarm/bin/../lib/gcc/arm-none-eabi/4.9.2/../../../../arm-none-eabi/lib/thumb\libg.a(lib_a-printf.o)
                0x0800295c                _printf_r
 .text.printf   0x08002978       0x24 c:/devkitpro/devkitarm/bin/../lib/gcc/arm-none-eabi/4.9.2/../../../../arm-none-eabi/lib/thumb\libg.a(lib_a-printf.o)
                0x08002978                printf
 .text._putchar_r
                0x0800299c       0x10 c:/devkitpro/devkitarm/bin/../lib/gcc/arm-none-eabi/4.9.2/../../../../arm-none-eabi/lib/thumb\libg.a(lib_a-putchar.o)
                0x0800299c                _putchar_r
 .text.putchar  0x080029ac       0x18 c:/devkitpro/devkitarm/bin/../lib/gcc/arm-none-eabi/4.9.2/../../../../arm-none-eabi/lib/thumb\libg.a(lib_a-putchar.o)
                0x080029ac                putchar
 .text._putc_r  0x080029c4       0x8c c:/devkitpro/devkitarm/bin/../lib/gcc/arm-none-eabi/4.9.2/../../../../arm-none-eabi/lib/thumb\libg.a(lib_a-putc.o)
                0x080029c4                _putc_r
 .text.putc     0x08002a50       0x90 c:/devkitpro/devkitarm/bin/../lib/gcc/arm-none-eabi/4.9.2/../../../../arm-none-eabi/lib/thumb\libg.a(lib_a-putc.o)
                0x08002a50                putc
 .text._puts_r  0x08002ae0       0x90 c:/devkitpro/devkitarm/bin/../lib/gcc/arm-none-eabi/4.9.2/../../../../arm-none-eabi/lib/thumb\libg.a(lib_a-puts.o)
                0x08002ae0                _puts_r
 .text.puts     0x08002b70       0x14 c:/devkitpro/devkitarm/bin/../lib/gcc/arm-none-eabi/4.9.2/../../../../arm-none-eabi/lib/thumb\libg.a(lib_a-puts.o)
                0x08002b70                puts
 .text.setvbuf  0x08002b84      0x154 c:/devkitpro/devkitarm/bin/../lib/gcc/arm-none-eabi/4.9.2/../../../../arm-none-eabi/lib/thumb\libg.a(lib_a-setvbuf.o)
                0x08002b84                setvbuf
 .text.siscanf  0x08002cd8       0x4c c:/devkitpro/devkitarm/bin/../lib/gcc/arm-none-eabi/4.9.2/../../../../arm-none-eabi/lib/thumb\libg.a(lib_a-siscanf.o)
                0x08002cd8                siscanf
 .text._siscanf_r
                0x08002d24       0x50 c:/devkitpro/devkitarm/bin/../lib/gcc/arm-none-eabi/4.9.2/../../../../arm-none-eabi/lib/thumb\libg.a(lib_a-siscanf.o)
                0x08002d24                _siscanf_r
 .text.__sread  0x08002d74       0x2c c:/devkitpro/devkitarm/bin/../lib/gcc/arm-none-eabi/4.9.2/../../../../arm-none-eabi/lib/thumb\libg.a(lib_a-stdio.o)
                0x08002d74                __sread
 .text.__seofread
                0x08002da0        0x4 c:/devkitpro/devkitarm/bin/../lib/gcc/arm-none-eabi/4.9.2/../../../../arm-none-eabi/lib/thumb\libg.a(lib_a-stdio.o)
                0x08002da0                __seofread
 .text.__swrite
                0x08002da4       0x44 c:/devkitpro/devkitarm/bin/../lib/gcc/arm-none-eabi/4.9.2/../../../../arm-none-eabi/lib/thumb\libg.a(lib_a-stdio.o)
                0x08002da4                __swrite
 .text.__sseek  0x08002de8       0x30 c:/devkitpro/devkitarm/bin/../lib/gcc/arm-none-eabi/4.9.2/../../../../arm-none-eabi/lib/thumb\libg.a(lib_a-stdio.o)
                0x08002de8                __sseek
 .text.__sclose
                0x08002e18       0x10 c:/devkitpro/devkitarm/bin/../lib/gcc/arm-none-eabi/4.9.2/../../../../arm-none-eabi/lib/thumb\libg.a(lib_a-stdio.o)
                0x08002e18                __sclose
 .text.strlen   0x08002e28       0x6c c:/devkitpro/devkitarm/bin/../lib/gcc/arm-none-eabi/4.9.2/../../../../arm-none-eabi/lib/thumb\libg.a(lib_a-strlen.o)
                0x08002e28                strlen
 .text._sungetc_r
                0x08002e94       0x88 c:/devkitpro/devkitarm/bin/../lib/gcc/arm-none-eabi/4.9.2/../../../../arm-none-eabi/lib/thumb\libg.a(lib_a-svfiscanf.o)
                0x08002e94                _sungetc_r
 .text.__ssrefill_r
                0x08002f1c       0x44 c:/devkitpro/devkitarm/bin/../lib/gcc/arm-none-eabi/4.9.2/../../../../arm-none-eabi/lib/thumb\libg.a(lib_a-svfiscanf.o)
                0x08002f1c                __ssrefill_r
 .text._sfread_r
                0x08002f60       0x8c c:/devkitpro/devkitarm/bin/../lib/gcc/arm-none-eabi/4.9.2/../../../../arm-none-eabi/lib/thumb\libg.a(lib_a-svfiscanf.o)
                0x08002f60                _sfread_r
 .text.__ssvfiscanf_r
                0x08002fec     0x14b0 c:/devkitpro/devkitarm/bin/../lib/gcc/arm-none-eabi/4.9.2/../../../../arm-none-eabi/lib/thumb\libg.a(lib_a-svfiscanf.o)
                0x08002fec                __ssvfiscanf_r
 .text.__submore
                0x0800449c       0x88 c:/devkitpro/devkitarm/bin/../lib/gcc/arm-none-eabi/4.9.2/../../../../arm-none-eabi/lib/thumb\libg.a(lib_a-ungetc.o)
                0x0800449c                __submore
 .text._ungetc_r
                0x08004524      0x138 c:/devkitpro/devkitarm/bin/../lib/gcc/arm-none-eabi/4.9.2/../../../../arm-none-eabi/lib/thumb\libg.a(lib_a-ungetc.o)
                0x08004524                _ungetc_r
 .text.ungetc   0x0800465c       0x18 c:/devkitpro/devkitarm/bin/../lib/gcc/arm-none-eabi/4.9.2/../../../../arm-none-eabi/lib/thumb\libg.a(lib_a-ungetc.o)
                0x0800465c                ungetc
 .text.get_arg  0x08004674      0x4a8 c:/devkitpro/devkitarm/bin/../lib/gcc/arm-none-eabi/4.9.2/../../../../arm-none-eabi/lib/thumb\libg.a(lib_a-vfprintf.o)
 *fill*         0x08004b1c        0x4 ff
 .text._vfprintf_r
                0x08004b20     0x2f20 c:/devkitpro/devkitarm/bin/../lib/gcc/arm-none-eabi/4.9.2/../../../../arm-none-eabi/lib/thumb\libg.a(lib_a-vfprintf.o)
                0x08004b20                _vfprintf_r
 .text.vfprintf
                0x08007a40       0x1c c:/devkitpro/devkitarm/bin/../lib/gcc/arm-none-eabi/4.9.2/../../../../arm-none-eabi/lib/thumb\libg.a(lib_a-vfprintf.o)
                0x08007a40                vfprintf
 .text.__sbprintf
                0x08007a5c       0x78 c:/devkitpro/devkitarm/bin/../lib/gcc/arm-none-eabi/4.9.2/../../../../arm-none-eabi/lib/thumb\libg.a(lib_a-vfprintf.o)
 .text.__swbuf_r
                0x08007ad4       0xb8 c:/devkitpro/devkitarm/bin/../lib/gcc/arm-none-eabi/4.9.2/../../../../arm-none-eabi/lib/thumb\libg.a(lib_a-wbuf.o)
                0x08007ad4                __swbuf_r
 .text.__swbuf  0x08007b8c       0x18 c:/devkitpro/devkitarm/bin/../lib/gcc/arm-none-eabi/4.9.2/../../../../arm-none-eabi/lib/thumb\libg.a(lib_a-wbuf.o)
                0x08007b8c                __swbuf
 .text._wcrtomb_r
                0x08007ba4       0x6c c:/devkitpro/devkitarm/bin/../lib/gcc/arm-none-eabi/4.9.2/../../../../arm-none-eabi/lib/thumb\libg.a(lib_a-wcrtomb.o)
                0x08007ba4                _wcrtomb_r
 .text.wcrtomb  0x08007c10       0x74 c:/devkitpro/devkitarm/bin/../lib/gcc/arm-none-eabi/4.9.2/../../../../arm-none-eabi/lib/thumb\libg.a(lib_a-wcrtomb.o)
                0x08007c10                wcrtomb
 .text._wcsrtombs_r
                0x08007c84       0x18 c:/devkitpro/devkitarm/bin/../lib/gcc/arm-none-eabi/4.9.2/../../../../arm-none-eabi/lib/thumb\libg.a(lib_a-wcsrtombs.o)
                0x08007c84                _wcsrtombs_r
 .text.wcsrtombs
                0x08007c9c       0x28 c:/devkitpro/devkitarm/bin/../lib/gcc/arm-none-eabi/4.9.2/../../../../arm-none-eabi/lib/thumb\libg.a(lib_a-wcsrtombs.o)
                0x08007c9c                wcsrtombs
 .text.__utf8_wctomb
                0x08007cc4       0xc0 c:/devkitpro/devkitarm/bin/../lib/gcc/arm-none-eabi/4.9.2/../../../../arm-none-eabi/lib/thumb\libg.a(lib_a-wctomb_r.o)
                0x08007cc4                __utf8_wctomb
 .text._wctomb_r
                0x08007d84       0x3c c:/devkitpro/devkitarm/bin/../lib/gcc/arm-none-eabi/4.9.2/../../../../arm-none-eabi/lib/thumb\libg.a(lib_a-wctomb_r.o)
                0x08007d84                _wctomb_r
 .text.__ascii_wctomb
                0x08007dc0       0x1c c:/devkitpro/devkitarm/bin/../lib/gcc/arm-none-eabi/4.9.2/../../../../arm-none-eabi/lib/thumb\libg.a(lib_a-wctomb_r.o)
                0x08007dc0                __ascii_wctomb
 .text.__sjis_wctomb
                0x08007ddc       0x80 c:/devkitpro/devkitarm/bin/../lib/gcc/arm-none-eabi/4.9.2/../../../../arm-none-eabi/lib/thumb\libg.a(lib_a-wctomb_r.o)
                0x08007ddc                __sjis_wctomb
 .text.__eucjp_wctomb
                0x08007e5c       0x88 c:/devkitpro/devkitarm/bin/../lib/gcc/arm-none-eabi/4.9.2/../../../../arm-none-eabi/lib/thumb\libg.a(lib_a-wctomb_r.o)
                0x08007e5c                __eucjp_wctomb
 .text.__jis_wctomb
                0x08007ee4       0x80 c:/devkitpro/devkitarm/bin/../lib/gcc/arm-none-eabi/4.9.2/../../../../arm-none-eabi/lib/thumb\libg.a(lib_a-wctomb_r.o)
                0x08007ee4                __jis_wctomb
 .text.__swsetup_r
                0x08007f64       0xd0 c:/devkitpro/devkitarm/bin/../lib/gcc/arm-none-eabi/4.9.2/../../../../arm-none-eabi/lib/thumb\libg.a(lib_a-wsetup.o)
                0x08007f64                __swsetup_r
 .text.__set_ctype
                0x08008034       0x10 c:/devkitpro/devkitarm/bin/../lib/gcc/arm-none-eabi/4.9.2/../../../../arm-none-eabi/lib/thumb\libg.a(lib_a-ctype_.o)
                0x08008034                __set_ctype
 .text.quorem   0x08008044      0x160 c:/devkitpro/devkitarm/bin/../lib/gcc/arm-none-eabi/4.9.2/../../../../arm-none-eabi/lib/thumb\libg.a(lib_a-dtoa.o)
 *fill*         0x080081a4        0x4 ff
 .text._dtoa_r  0x080081a8     0x1098 c:/devkitpro/devkitarm/bin/../lib/gcc/arm-none-eabi/4.9.2/../../../../arm-none-eabi/lib/thumb\libg.a(lib_a-dtoa.o)
                0x080081a8                _dtoa_r
 .text.__sflush_r
                0x08009240      0x168 c:/devkitpro/devkitarm/bin/../lib/gcc/arm-none-eabi/4.9.2/../../../../arm-none-eabi/lib/thumb\libg.a(lib_a-fflush.o)
                0x08009240                __sflush_r
 .text._fflush_r
                0x080093a8       0x58 c:/devkitpro/devkitarm/bin/../lib/gcc/arm-none-eabi/4.9.2/../../../../arm-none-eabi/lib/thumb\libg.a(lib_a-fflush.o)
                0x080093a8                _fflush_r
 .text.fflush   0x08009400       0x2c c:/devkitpro/devkitarm/bin/../lib/gcc/arm-none-eabi/4.9.2/../../../../arm-none-eabi/lib/thumb\libg.a(lib_a-fflush.o)
                0x08009400                fflush
 .text._cleanup_r
                0x0800942c       0x14 c:/devkitpro/devkitarm/bin/../lib/gcc/arm-none-eabi/4.9.2/../../../../arm-none-eabi/lib/thumb\libg.a(lib_a-findfp.o)
                0x0800942c                _cleanup_r
 .text.__fp_lock
                0x08009440       0x14 c:/devkitpro/devkitarm/bin/../lib/gcc/arm-none-eabi/4.9.2/../../../../arm-none-eabi/lib/thumb\libg.a(lib_a-findfp.o)
 .text.__fp_unlock
                0x08009454       0x14 c:/devkitpro/devkitarm/bin/../lib/gcc/arm-none-eabi/4.9.2/../../../../arm-none-eabi/lib/thumb\libg.a(lib_a-findfp.o)
 .text.__sinit.part.1
                0x08009468       0xfc c:/devkitpro/devkitarm/bin/../lib/gcc/arm-none-eabi/4.9.2/../../../../arm-none-eabi/lib/thumb\libg.a(lib_a-findfp.o)
 .text.__sfmoreglue
                0x08009564       0x34 c:/devkitpro/devkitarm/bin/../lib/gcc/arm-none-eabi/4.9.2/../../../../arm-none-eabi/lib/thumb\libg.a(lib_a-findfp.o)
                0x08009564                __sfmoreglue
 .text.__sfp    0x08009598       0x94 c:/devkitpro/devkitarm/bin/../lib/gcc/arm-none-eabi/4.9.2/../../../../arm-none-eabi/lib/thumb\libg.a(lib_a-findfp.o)
                0x08009598                __sfp
 .text._cleanup
                0x0800962c       0x1c c:/devkitpro/devkitarm/bin/../lib/gcc/arm-none-eabi/4.9.2/../../../../arm-none-eabi/lib/thumb\libg.a(lib_a-findfp.o)
                0x0800962c                _cleanup
 .text.__sinit  0x08009648       0x14 c:/devkitpro/devkitarm/bin/../lib/gcc/arm-none-eabi/4.9.2/../../../../arm-none-eabi/lib/thumb\libg.a(lib_a-findfp.o)
                0x08009648                __sinit
 .text.__sfp_lock_acquire
                0x0800965c        0x4 c:/devkitpro/devkitarm/bin/../lib/gcc/arm-none-eabi/4.9.2/../../../../arm-none-eabi/lib/thumb\libg.a(lib_a-findfp.o)
                0x0800965c                __sfp_lock_acquire
 .text.__sfp_lock_release
                0x08009660        0x4 c:/devkitpro/devkitarm/bin/../lib/gcc/arm-none-eabi/4.9.2/../../../../arm-none-eabi/lib/thumb\libg.a(lib_a-findfp.o)
                0x08009660                __sfp_lock_release
 .text.__sinit_lock_acquire
                0x08009664        0x4 c:/devkitpro/devkitarm/bin/../lib/gcc/arm-none-eabi/4.9.2/../../../../arm-none-eabi/lib/thumb\libg.a(lib_a-findfp.o)
                0x08009664                __sinit_lock_acquire
 .text.__sinit_lock_release
                0x08009668        0x4 c:/devkitpro/devkitarm/bin/../lib/gcc/arm-none-eabi/4.9.2/../../../../arm-none-eabi/lib/thumb\libg.a(lib_a-findfp.o)
                0x08009668                __sinit_lock_release
 .text.__fp_lock_all
                0x0800966c       0x18 c:/devkitpro/devkitarm/bin/../lib/gcc/arm-none-eabi/4.9.2/../../../../arm-none-eabi/lib/thumb\libg.a(lib_a-findfp.o)
                0x0800966c                __fp_lock_all
 .text.__fp_unlock_all
                0x08009684       0x18 c:/devkitpro/devkitarm/bin/../lib/gcc/arm-none-eabi/4.9.2/../../../../arm-none-eabi/lib/thumb\libg.a(lib_a-findfp.o)
                0x08009684                __fp_unlock_all
 .text._malloc_trim_r
                0x0800969c       0xa4 c:/devkitpro/devkitarm/bin/../lib/gcc/arm-none-eabi/4.9.2/../../../../arm-none-eabi/lib/thumb\libg.a(lib_a-freer.o)
                0x0800969c                _malloc_trim_r
 .text._free_r  0x08009740      0x1b0 c:/devkitpro/devkitarm/bin/../lib/gcc/arm-none-eabi/4.9.2/../../../../arm-none-eabi/lib/thumb\libg.a(lib_a-freer.o)
                0x08009740                _free_r
 .text.__sfvwrite_r
                0x080098f0      0x340 c:/devkitpro/devkitarm/bin/../lib/gcc/arm-none-eabi/4.9.2/../../../../arm-none-eabi/lib/thumb\libg.a(lib_a-fvwrite.o)
                0x080098f0                __sfvwrite_r
 .text._fwalk   0x08009c30       0x50 c:/devkitpro/devkitarm/bin/../lib/gcc/arm-none-eabi/4.9.2/../../../../arm-none-eabi/lib/thumb\libg.a(lib_a-fwalk.o)
                0x08009c30                _fwalk
 .text._fwalk_reent
                0x08009c80       0x58 c:/devkitpro/devkitarm/bin/../lib/gcc/arm-none-eabi/4.9.2/../../../../arm-none-eabi/lib/thumb\libg.a(lib_a-fwalk.o)
                0x08009c80                _fwalk_reent
 .text.iswspace
                0x08009cd8       0x78 c:/devkitpro/devkitarm/bin/../lib/gcc/arm-none-eabi/4.9.2/../../../../arm-none-eabi/lib/thumb\libg.a(lib_a-iswspace.o)
                0x08009cd8                iswspace
 .text.__jp2uc  0x08009d50      0x184 c:/devkitpro/devkitarm/bin/../lib/gcc/arm-none-eabi/4.9.2/../../../../arm-none-eabi/lib/thumb\libg.a(lib_a-jp2uc.o)
 .text._jp2uc   0x08009ed4       0x64 c:/devkitpro/devkitarm/bin/../lib/gcc/arm-none-eabi/4.9.2/../../../../arm-none-eabi/lib/thumb\libg.a(lib_a-jp2uc.o)
                0x08009ed4                _jp2uc
 .text.__get_locale_env
                0x08009f38       0x58 c:/devkitpro/devkitarm/bin/../lib/gcc/arm-none-eabi/4.9.2/../../../../arm-none-eabi/lib/thumb\libg.a(lib_a-locale.o)
 .text.loadlocale
                0x08009f90      0x620 c:/devkitpro/devkitarm/bin/../lib/gcc/arm-none-eabi/4.9.2/../../../../arm-none-eabi/lib/thumb\libg.a(lib_a-locale.o)
 .text.currentlocale
                0x0800a5b0       0x64 c:/devkitpro/devkitarm/bin/../lib/gcc/arm-none-eabi/4.9.2/../../../../arm-none-eabi/lib/thumb\libg.a(lib_a-locale.o)
 .text._setlocale_r
                0x0800a614      0x210 c:/devkitpro/devkitarm/bin/../lib/gcc/arm-none-eabi/4.9.2/../../../../arm-none-eabi/lib/thumb\libg.a(lib_a-locale.o)
                0x0800a614                _setlocale_r
 .text.__locale_charset
                0x0800a824        0x8 c:/devkitpro/devkitarm/bin/../lib/gcc/arm-none-eabi/4.9.2/../../../../arm-none-eabi/lib/thumb\libg.a(lib_a-locale.o)
                0x0800a824                __locale_charset
 .text.__locale_mb_cur_max
                0x0800a82c        0xc c:/devkitpro/devkitarm/bin/../lib/gcc/arm-none-eabi/4.9.2/../../../../arm-none-eabi/lib/thumb\libg.a(lib_a-locale.o)
                0x0800a82c                __locale_mb_cur_max
 .text.__locale_msgcharset
                0x0800a838        0x8 c:/devkitpro/devkitarm/bin/../lib/gcc/arm-none-eabi/4.9.2/../../../../arm-none-eabi/lib/thumb\libg.a(lib_a-locale.o)
                0x0800a838                __locale_msgcharset
 .text.__locale_cjk_lang
                0x0800a840        0xc c:/devkitpro/devkitarm/bin/../lib/gcc/arm-none-eabi/4.9.2/../../../../arm-none-eabi/lib/thumb\libg.a(lib_a-locale.o)
                0x0800a840                __locale_cjk_lang
 .text._localeconv_r
                0x0800a84c        0x8 c:/devkitpro/devkitarm/bin/../lib/gcc/arm-none-eabi/4.9.2/../../../../arm-none-eabi/lib/thumb\libg.a(lib_a-locale.o)
                0x0800a84c                _localeconv_r
 .text.setlocale
                0x0800a854       0x18 c:/devkitpro/devkitarm/bin/../lib/gcc/arm-none-eabi/4.9.2/../../../../arm-none-eabi/lib/thumb\libg.a(lib_a-locale.o)
                0x0800a854                setlocale
 .text.localeconv
                0x0800a86c       0x14 c:/devkitpro/devkitarm/bin/../lib/gcc/arm-none-eabi/4.9.2/../../../../arm-none-eabi/lib/thumb\libg.a(lib_a-locale.o)
                0x0800a86c                localeconv
 .text.__smakebuf_r
                0x0800a880      0x100 c:/devkitpro/devkitarm/bin/../lib/gcc/arm-none-eabi/4.9.2/../../../../arm-none-eabi/lib/thumb\libg.a(lib_a-makebuf.o)
                0x0800a880                __smakebuf_r
 .text.malloc   0x0800a980       0x14 c:/devkitpro/devkitarm/bin/../lib/gcc/arm-none-eabi/4.9.2/../../../../arm-none-eabi/lib/thumb\libg.a(lib_a-malloc.o)
                0x0800a980                malloc
 .text.free     0x0800a994       0x14 c:/devkitpro/devkitarm/bin/../lib/gcc/arm-none-eabi/4.9.2/../../../../arm-none-eabi/lib/thumb\libg.a(lib_a-malloc.o)
                0x0800a994                free
 .text._malloc_r
                0x0800a9a8      0x54c c:/devkitpro/devkitarm/bin/../lib/gcc/arm-none-eabi/4.9.2/../../../../arm-none-eabi/lib/thumb\libg.a(lib_a-mallocr.o)
                0x0800a9a8                _malloc_r
 .text._mbrtowc_r
                0x0800aef4       0x7c c:/devkitpro/devkitarm/bin/../lib/gcc/arm-none-eabi/4.9.2/../../../../arm-none-eabi/lib/thumb\libg.a(lib_a-mbrtowc.o)
                0x0800aef4                _mbrtowc_r
 .text.mbrtowc  0x0800af70       0x80 c:/devkitpro/devkitarm/bin/../lib/gcc/arm-none-eabi/4.9.2/../../../../arm-none-eabi/lib/thumb\libg.a(lib_a-mbrtowc.o)
                0x0800af70                mbrtowc
 .text.__utf8_mbtowc
                0x0800aff0      0x2bc c:/devkitpro/devkitarm/bin/../lib/gcc/arm-none-eabi/4.9.2/../../../../arm-none-eabi/lib/thumb\libg.a(lib_a-mbtowc_r.o)
                0x0800aff0                __utf8_mbtowc
 .text._mbtowc_r
                0x0800b2ac       0x40 c:/devkitpro/devkitarm/bin/../lib/gcc/arm-none-eabi/4.9.2/../../../../arm-none-eabi/lib/thumb\libg.a(lib_a-mbtowc_r.o)
                0x0800b2ac                _mbtowc_r
 .text.__ascii_mbtowc
                0x0800b2ec       0x2c c:/devkitpro/devkitarm/bin/../lib/gcc/arm-none-eabi/4.9.2/../../../../arm-none-eabi/lib/thumb\libg.a(lib_a-mbtowc_r.o)
                0x0800b2ec                __ascii_mbtowc
 .text.__sjis_mbtowc
                0x0800b318       0xb4 c:/devkitpro/devkitarm/bin/../lib/gcc/arm-none-eabi/4.9.2/../../../../arm-none-eabi/lib/thumb\libg.a(lib_a-mbtowc_r.o)
                0x0800b318                __sjis_mbtowc
 .text.__eucjp_mbtowc
                0x0800b3cc       0xd0 c:/devkitpro/devkitarm/bin/../lib/gcc/arm-none-eabi/4.9.2/../../../../arm-none-eabi/lib/thumb\libg.a(lib_a-mbtowc_r.o)
                0x0800b3cc                __eucjp_mbtowc
 .text.__jis_mbtowc
                0x0800b49c      0x148 c:/devkitpro/devkitarm/bin/../lib/gcc/arm-none-eabi/4.9.2/../../../../arm-none-eabi/lib/thumb\libg.a(lib_a-mbtowc_r.o)
                0x0800b49c                __jis_mbtowc
 .text.memchr   0x0800b5e4       0x8c c:/devkitpro/devkitarm/bin/../lib/gcc/arm-none-eabi/4.9.2/../../../../arm-none-eabi/lib/thumb\libg.a(lib_a-memchr.o)
                0x0800b5e4                memchr
 .text.memcpy   0x0800b670       0x84 c:/devkitpro/devkitarm/bin/../lib/gcc/arm-none-eabi/4.9.2/../../../../arm-none-eabi/lib/thumb\libg.a(lib_a-memcpy.o)
                0x0800b670                memcpy
 .text.memmove  0x0800b6f4       0x9c c:/devkitpro/devkitarm/bin/../lib/gcc/arm-none-eabi/4.9.2/../../../../arm-none-eabi/lib/thumb\libg.a(lib_a-memmove.o)
                0x0800b6f4                memmove
 .text.__malloc_lock
                0x0800b790        0x4 c:/devkitpro/devkitarm/bin/../lib/gcc/arm-none-eabi/4.9.2/../../../../arm-none-eabi/lib/thumb\libg.a(lib_a-mlock.o)
                0x0800b790                __malloc_lock
 .text.__malloc_unlock
                0x0800b794        0x4 c:/devkitpro/devkitarm/bin/../lib/gcc/arm-none-eabi/4.9.2/../../../../arm-none-eabi/lib/thumb\libg.a(lib_a-mlock.o)
                0x0800b794                __malloc_unlock
 .text._Balloc  0x0800b798       0x54 c:/devkitpro/devkitarm/bin/../lib/gcc/arm-none-eabi/4.9.2/../../../../arm-none-eabi/lib/thumb\libg.a(lib_a-mprec.o)
                0x0800b798                _Balloc
 .text._Bfree   0x0800b7ec       0x14 c:/devkitpro/devkitarm/bin/../lib/gcc/arm-none-eabi/4.9.2/../../../../arm-none-eabi/lib/thumb\libg.a(lib_a-mprec.o)
                0x0800b7ec                _Bfree
 .text.__multadd
                0x0800b800       0x9c c:/devkitpro/devkitarm/bin/../lib/gcc/arm-none-eabi/4.9.2/../../../../arm-none-eabi/lib/thumb\libg.a(lib_a-mprec.o)
                0x0800b800                __multadd
 .text.__s2b    0x0800b89c       0x9c c:/devkitpro/devkitarm/bin/../lib/gcc/arm-none-eabi/4.9.2/../../../../arm-none-eabi/lib/thumb\libg.a(lib_a-mprec.o)
                0x0800b89c                __s2b
 .text.__hi0bits
                0x0800b938       0x3c c:/devkitpro/devkitarm/bin/../lib/gcc/arm-none-eabi/4.9.2/../../../../arm-none-eabi/lib/thumb\libg.a(lib_a-mprec.o)
                0x0800b938                __hi0bits
 .text.__lo0bits
                0x0800b974       0x5c c:/devkitpro/devkitarm/bin/../lib/gcc/arm-none-eabi/4.9.2/../../../../arm-none-eabi/lib/thumb\libg.a(lib_a-mprec.o)
                0x0800b974                __lo0bits
 .text.__i2b    0x0800b9d0       0x18 c:/devkitpro/devkitarm/bin/../lib/gcc/arm-none-eabi/4.9.2/../../../../arm-none-eabi/lib/thumb\libg.a(lib_a-mprec.o)
                0x0800b9d0                __i2b
 .text.__multiply
                0x0800b9e8      0x168 c:/devkitpro/devkitarm/bin/../lib/gcc/arm-none-eabi/4.9.2/../../../../arm-none-eabi/lib/thumb\libg.a(lib_a-mprec.o)
                0x0800b9e8                __multiply
 .text.__pow5mult
                0x0800bb50       0xc0 c:/devkitpro/devkitarm/bin/../lib/gcc/arm-none-eabi/4.9.2/../../../../arm-none-eabi/lib/thumb\libg.a(lib_a-mprec.o)
                0x0800bb50                __pow5mult
 .text.__lshift
                0x0800bc10       0xd0 c:/devkitpro/devkitarm/bin/../lib/gcc/arm-none-eabi/4.9.2/../../../../arm-none-eabi/lib/thumb\libg.a(lib_a-mprec.o)
                0x0800bc10                __lshift
 .text.__mcmp   0x0800bce0       0x3c c:/devkitpro/devkitarm/bin/../lib/gcc/arm-none-eabi/4.9.2/../../../../arm-none-eabi/lib/thumb\libg.a(lib_a-mprec.o)
                0x0800bce0                __mcmp
 .text.__mdiff  0x0800bd1c       0xec c:/devkitpro/devkitarm/bin/../lib/gcc/arm-none-eabi/4.9.2/../../../../arm-none-eabi/lib/thumb\libg.a(lib_a-mprec.o)
                0x0800bd1c                __mdiff
 .text.__ulp    0x0800be08       0x50 c:/devkitpro/devkitarm/bin/../lib/gcc/arm-none-eabi/4.9.2/../../../../arm-none-eabi/lib/thumb\libg.a(lib_a-mprec.o)
                0x0800be08                __ulp
 .text.__b2d    0x0800be58       0xe0 c:/devkitpro/devkitarm/bin/../lib/gcc/arm-none-eabi/4.9.2/../../../../arm-none-eabi/lib/thumb\libg.a(lib_a-mprec.o)
                0x0800be58                __b2d
 .text.__d2b    0x0800bf38       0xc0 c:/devkitpro/devkitarm/bin/../lib/gcc/arm-none-eabi/4.9.2/../../../../arm-none-eabi/lib/thumb\libg.a(lib_a-mprec.o)
                0x0800bf38                __d2b
 .text.__ratio  0x0800bff8       0x74 c:/devkitpro/devkitarm/bin/../lib/gcc/arm-none-eabi/4.9.2/../../../../arm-none-eabi/lib/thumb\libg.a(lib_a-mprec.o)
                0x0800bff8                __ratio
 *fill*         0x0800c06c        0x4 ff
 .text._mprec_log10
                0x0800c070       0x48 c:/devkitpro/devkitarm/bin/../lib/gcc/arm-none-eabi/4.9.2/../../../../arm-none-eabi/lib/thumb\libg.a(lib_a-mprec.o)
                0x0800c070                _mprec_log10
 .text.__copybits
                0x0800c0b8       0x44 c:/devkitpro/devkitarm/bin/../lib/gcc/arm-none-eabi/4.9.2/../../../../arm-none-eabi/lib/thumb\libg.a(lib_a-mprec.o)
                0x0800c0b8                __copybits
 .text.__any_on
                0x0800c0fc       0x64 c:/devkitpro/devkitarm/bin/../lib/gcc/arm-none-eabi/4.9.2/../../../../arm-none-eabi/lib/thumb\libg.a(lib_a-mprec.o)
                0x0800c0fc                __any_on
 .text._realloc_r
                0x0800c160      0x3dc c:/devkitpro/devkitarm/bin/../lib/gcc/arm-none-eabi/4.9.2/../../../../arm-none-eabi/lib/thumb\libg.a(lib_a-reallocr.o)
                0x0800c160                _realloc_r
 .text.__sccl   0x0800c53c       0x7c c:/devkitpro/devkitarm/bin/../lib/gcc/arm-none-eabi/4.9.2/../../../../arm-none-eabi/lib/thumb\libg.a(lib_a-sccl.o)
                0x0800c53c                __sccl
 .text.__fpclassifyd
                0x0800c5b8       0x5c c:/devkitpro/devkitarm/bin/../lib/gcc/arm-none-eabi/4.9.2/../../../../arm-none-eabi/lib/thumb\libg.a(lib_a-s_fpclassify.o)
                0x0800c5b8                __fpclassifyd
 *fill*         0x0800c614        0x4 ff
 .text.frexp    0x0800c618       0x80 c:/devkitpro/devkitarm/bin/../lib/gcc/arm-none-eabi/4.9.2/../../../../arm-none-eabi/lib/thumb\libg.a(lib_a-s_frexp.o)
                0x0800c618                frexp
 .text.strcasecmp
                0x0800c698       0x58 c:/devkitpro/devkitarm/bin/../lib/gcc/arm-none-eabi/4.9.2/../../../../arm-none-eabi/lib/thumb\libg.a(lib_a-strcasecmp.o)
                0x0800c698                strcasecmp
 .text.strcat   0x0800c6f0       0x54 c:/devkitpro/devkitarm/bin/../lib/gcc/arm-none-eabi/4.9.2/../../../../arm-none-eabi/lib/thumb\libg.a(lib_a-strcat.o)
                0x0800c6f0                strcat
 .text.strchr   0x0800c744       0xdc c:/devkitpro/devkitarm/bin/../lib/gcc/arm-none-eabi/4.9.2/../../../../arm-none-eabi/lib/thumb\libg.a(lib_a-strchr.o)
                0x0800c744                strchr
 .text.strcpy   0x0800c820       0x10 c:/devkitpro/devkitarm/bin/../lib/gcc/arm-none-eabi/4.9.2/../../../../arm-none-eabi/lib/thumb\libg.a(lib_a-strcpy.o)
                0x0800c820                strcpy
 .text.strlcpy  0x0800c830       0x4c c:/devkitpro/devkitarm/bin/../lib/gcc/arm-none-eabi/4.9.2/../../../../arm-none-eabi/lib/thumb\libg.a(lib_a-strlcpy.o)
                0x0800c830                strlcpy
 .text.strncasecmp
                0x0800c87c       0x5c c:/devkitpro/devkitarm/bin/../lib/gcc/arm-none-eabi/4.9.2/../../../../arm-none-eabi/lib/thumb\libg.a(lib_a-strncasecmp.o)
                0x0800c87c                strncasecmp
 .text.strncmp  0x0800c8d8       0x98 c:/devkitpro/devkitarm/bin/../lib/gcc/arm-none-eabi/4.9.2/../../../../arm-none-eabi/lib/thumb\libg.a(lib_a-strncmp.o)
                0x0800c8d8                strncmp
 .text.strncpy  0x0800c970       0x7c c:/devkitpro/devkitarm/bin/../lib/gcc/arm-none-eabi/4.9.2/../../../../arm-none-eabi/lib/thumb\libg.a(lib_a-strncpy.o)
                0x0800c970                strncpy
 *fill*         0x0800c9ec        0x4 ff
 .text._strtoll_r
                0x0800c9f0      0x228 c:/devkitpro/devkitarm/bin/../lib/gcc/arm-none-eabi/4.9.2/../../../../arm-none-eabi/lib/thumb\libg.a(lib_a-strtoll_r.o)
                0x0800c9f0                _strtoll_r
 .text._strtol_r
                0x0800cc18      0x15c c:/devkitpro/devkitarm/bin/../lib/gcc/arm-none-eabi/4.9.2/../../../../arm-none-eabi/lib/thumb\libg.a(lib_a-strtol.o)
                0x0800cc18                _strtol_r
 .text.strtol   0x0800cd74       0x1c c:/devkitpro/devkitarm/bin/../lib/gcc/arm-none-eabi/4.9.2/../../../../arm-none-eabi/lib/thumb\libg.a(lib_a-strtol.o)
                0x0800cd74                strtol
 .text._strtoull_r
                0x0800cd90      0x20c c:/devkitpro/devkitarm/bin/../lib/gcc/arm-none-eabi/4.9.2/../../../../arm-none-eabi/lib/thumb\libg.a(lib_a-strtoull_r.o)
                0x0800cd90                _strtoull_r
 .text._strtoul_r
                0x0800cf9c      0x178 c:/devkitpro/devkitarm/bin/../lib/gcc/arm-none-eabi/4.9.2/../../../../arm-none-eabi/lib/thumb\libg.a(lib_a-strtoul.o)
                0x0800cf9c                _strtoul_r
 .text.strtoul  0x0800d114       0x1c c:/devkitpro/devkitarm/bin/../lib/gcc/arm-none-eabi/4.9.2/../../../../arm-none-eabi/lib/thumb\libg.a(lib_a-strtoul.o)
                0x0800d114                strtoul
 .text.get_arg  0x0800d130      0x4a8 c:/devkitpro/devkitarm/bin/../lib/gcc/arm-none-eabi/4.9.2/../../../../arm-none-eabi/lib/thumb\libg.a(lib_a-svfiprintf.o)
 .text.__ssprint_r
                0x0800d5d8      0x134 c:/devkitpro/devkitarm/bin/../lib/gcc/arm-none-eabi/4.9.2/../../../../arm-none-eabi/lib/thumb\libg.a(lib_a-svfiprintf.o)
                0x0800d5d8                __ssprint_r
 .text._svfiprintf_r
                0x0800d70c     0x1d80 c:/devkitpro/devkitarm/bin/../lib/gcc/arm-none-eabi/4.9.2/../../../../arm-none-eabi/lib/thumb\libg.a(lib_a-svfiprintf.o)
                0x0800d70c                _svfiprintf_r
 .text.get_arg  0x0800f48c      0x4a8 c:/devkitpro/devkitarm/bin/../lib/gcc/arm-none-eabi/4.9.2/../../../../arm-none-eabi/lib/thumb\libg.a(lib_a-vfiprintf.o)
 .text.__sprint_r.part.0
                0x0800f934       0x80 c:/devkitpro/devkitarm/bin/../lib/gcc/arm-none-eabi/4.9.2/../../../../arm-none-eabi/lib/thumb\libg.a(lib_a-vfiprintf.o)
 .text.__sprint_r
                0x0800f9b4       0x18 c:/devkitpro/devkitarm/bin/../lib/gcc/arm-none-eabi/4.9.2/../../../../arm-none-eabi/lib/thumb\libg.a(lib_a-vfiprintf.o)
                0x0800f9b4                __sprint_r
 .text._vfiprintf_r
                0x0800f9cc     0x1f58 c:/devkitpro/devkitarm/bin/../lib/gcc/arm-none-eabi/4.9.2/../../../../arm-none-eabi/lib/thumb\libg.a(lib_a-vfiprintf.o)
                0x0800f9cc                _vfiprintf_r
 .text.vfiprintf
                0x08011924       0x1c c:/devkitpro/devkitarm/bin/../lib/gcc/arm-none-eabi/4.9.2/../../../../arm-none-eabi/lib/thumb\libg.a(lib_a-vfiprintf.o)
                0x08011924                vfiprintf
 .text.__sbprintf
                0x08011940       0x78 c:/devkitpro/devkitarm/bin/../lib/gcc/arm-none-eabi/4.9.2/../../../../arm-none-eabi/lib/thumb\libg.a(lib_a-vfiprintf.o)
 .text._wcsnrtombs_r
                0x080119b8      0x110 c:/devkitpro/devkitarm/bin/../lib/gcc/arm-none-eabi/4.9.2/../../../../arm-none-eabi/lib/thumb\libg.a(lib_a-wcsnrtombs.o)
                0x080119b8                _wcsnrtombs_r
 .text.wcsnrtombs
                0x08011ac8       0x28 c:/devkitpro/devkitarm/bin/../lib/gcc/arm-none-eabi/4.9.2/../../../../arm-none-eabi/lib/thumb\libg.a(lib_a-wcsnrtombs.o)
                0x08011ac8                wcsnrtombs
 .text._calloc_r
                0x08011af0       0x64 c:/devkitpro/devkitarm/bin/../lib/gcc/arm-none-eabi/4.9.2/../../../../arm-none-eabi/lib/thumb\libg.a(lib_a-callocr.o)
                0x08011af0                _calloc_r
 .text._fclose_r
                0x08011b54       0xac c:/devkitpro/devkitarm/bin/../lib/gcc/arm-none-eabi/4.9.2/../../../../arm-none-eabi/lib/thumb\libg.a(lib_a-fclose.o)
                0x08011b54                _fclose_r
 .text.fclose   0x08011c00       0x14 c:/devkitpro/devkitarm/bin/../lib/gcc/arm-none-eabi/4.9.2/../../../../arm-none-eabi/lib/thumb\libg.a(lib_a-fclose.o)
                0x08011c00                fclose
 .text.__fputwc
                0x08011c14       0xc0 c:/devkitpro/devkitarm/bin/../lib/gcc/arm-none-eabi/4.9.2/../../../../arm-none-eabi/lib/thumb\libg.a(lib_a-fputwc.o)
                0x08011c14                __fputwc
 .text._fputwc_r
                0x08011cd4       0x5c c:/devkitpro/devkitarm/bin/../lib/gcc/arm-none-eabi/4.9.2/../../../../arm-none-eabi/lib/thumb\libg.a(lib_a-fputwc.o)
                0x08011cd4                _fputwc_r
 .text.fputwc   0x08011d30       0x28 c:/devkitpro/devkitarm/bin/../lib/gcc/arm-none-eabi/4.9.2/../../../../arm-none-eabi/lib/thumb\libg.a(lib_a-fputwc.o)
                0x08011d30                fputwc
 .text._findenv_r
                0x08011d58       0x98 c:/devkitpro/devkitarm/bin/../lib/gcc/arm-none-eabi/4.9.2/../../../../arm-none-eabi/lib/thumb\libg.a(lib_a-getenv_r.o)
                0x08011d58                _findenv_r
 .text._getenv_r
                0x08011df0       0x10 c:/devkitpro/devkitarm/bin/../lib/gcc/arm-none-eabi/4.9.2/../../../../arm-none-eabi/lib/thumb\libg.a(lib_a-getenv_r.o)
                0x08011df0                _getenv_r
 .text.__env_lock
                0x08011e00        0x4 c:/devkitpro/devkitarm/bin/../lib/gcc/arm-none-eabi/4.9.2/../../../../arm-none-eabi/lib/thumb\libg.a(lib_a-envlock.o)
                0x08011e00                __env_lock
 .text.__env_unlock
                0x08011e04        0x4 c:/devkitpro/devkitarm/bin/../lib/gcc/arm-none-eabi/4.9.2/../../../../arm-none-eabi/lib/thumb\libg.a(lib_a-envlock.o)
                0x08011e04                __env_unlock
 .text.__errno  0x08011e08        0xc c:/devkitpro/devkitarm/bin/../lib/gcc/arm-none-eabi/4.9.2/../../../../arm-none-eabi/lib/thumb\libg.a(lib_a-errno.o)
                0x08011e08                __errno
 *fill*         0x08011e14        0x4 ff
 .text.__errno.__stub
                0x08011e18       0xb4 linker stubs
 *(.text.*personality*)
 *(.gnu.warning)
 *(.glue_7t)
 .glue_7t       0x08011ed8        0x0 linker stubs
 *(.glue_7)
 .glue_7        0x08011ed8        0x0 linker stubs
 *(.vfp11_veneer)
 .vfp11_veneer  0x08011ed8        0x0 linker stubs
                0x08011ed8                . = ALIGN (0x4)
                0x08011ed8                __text_end = .

.v4_bx          0x08011ed8        0x0
 .v4_bx         0x08011ed8        0x0 linker stubs

.iplt           0x08011ed8        0x0
 .iplt          0x08011ed8        0x0 c:/devkitpro/devkitarm/bin/../lib/gcc/arm-none-eabi/4.9.2/../../../../arm-none-eabi/lib/thumb/gba_crt0.o

.fini           0x08011ed8        0xc
 *(.fini)
 .fini          0x08011ed8        0x4 c:/devkitpro/devkitarm/bin/../lib/gcc/arm-none-eabi/4.9.2/thumb/crti.o
                0x08011ed8                _fini
 .fini          0x08011edc        0x8 c:/devkitpro/devkitarm/bin/../lib/gcc/arm-none-eabi/4.9.2/thumb/crtn.o
                0x08011ee4                . = ALIGN (0x4)

.rodata         0x08011ee8     0x5468
 *(.rodata)
 .rodata        0x08011ee8       0x40 gbascanf.o
 .rodata        0x08011f28      0x18c c:/devkitPro/libgba/lib\libgba.a(console.o)
                0x08011ffc                dotab_stdout
                0x08012058                dotab_stderr
 .rodata        0x080120b4      0x804 c:/devkitPro/libgba/lib\libgba.a(amiga.fnt.o)
                0x080120b4                amiga_fnt
                0x080128b4                amiga_fnt_size
                0x080128b4                amiga_fnt_end
 .rodata        0x080128b8       0x68 c:/devkitpro/devkitarm/bin/../lib/gcc/arm-none-eabi/4.9.2/../../../../arm-none-eabi/lib/thumb\libsysbase.a(iosupport.o)
                0x080128b8                dotab_stdnull
 *all.rodata*(*)
 *(.roda)
 *(.rodata.*)
 .rodata.str1.4
                0x08012920        0xb main.o
                                  0xc (size before relaxing)
 *fill*         0x0801292b        0x1 ff
 .rodata.str1.4
                0x0801292c        0x5 gbascanf.o
                                  0x8 (size before relaxing)
 *fill*         0x08012931        0x3 ff
 .rodata.str1.4
                0x08012934       0x2c c:/devkitPro/libgba/lib\libgba.a(console.o)
 .rodata.str1.4
                0x08012960        0x2 c:/devkitpro/devkitarm/bin/../lib/gcc/arm-none-eabi/4.9.2/../../../../arm-none-eabi/lib/thumb\libg.a(lib_a-impure.o)
                                  0x4 (size before relaxing)
 *fill*         0x08012962        0x2 ff
 .rodata._global_impure_ptr
                0x08012964        0x4 c:/devkitpro/devkitarm/bin/../lib/gcc/arm-none-eabi/4.9.2/../../../../arm-none-eabi/lib/thumb\libg.a(lib_a-impure.o)
                0x08012964                _global_impure_ptr
 .rodata.str1.4
                0x08012968        0x2 c:/devkitpro/devkitarm/bin/../lib/gcc/arm-none-eabi/4.9.2/../../../../arm-none-eabi/lib/thumb\libg.a(lib_a-puts.o)
                                  0x4 (size before relaxing)
 *fill*         0x0801296a        0x2 ff
 .rodata.__ssvfiscanf_r
                0x0801296c      0x324 c:/devkitpro/devkitarm/bin/../lib/gcc/arm-none-eabi/4.9.2/../../../../arm-none-eabi/lib/thumb\libg.a(lib_a-svfiscanf.o)
 .rodata.basefix.6409
                0x08012c90       0x24 c:/devkitpro/devkitarm/bin/../lib/gcc/arm-none-eabi/4.9.2/../../../../arm-none-eabi/lib/thumb\libg.a(lib_a-svfiscanf.o)
 .rodata.get_arg
                0x08012cb4      0x1f8 c:/devkitpro/devkitarm/bin/../lib/gcc/arm-none-eabi/4.9.2/../../../../arm-none-eabi/lib/thumb\libg.a(lib_a-vfprintf.o)
 .rodata._vfprintf_r
                0x08012eac      0x16c c:/devkitpro/devkitarm/bin/../lib/gcc/arm-none-eabi/4.9.2/../../../../arm-none-eabi/lib/thumb\libg.a(lib_a-vfprintf.o)
 .rodata.zeroes.7052
                0x08013018       0x10 c:/devkitpro/devkitarm/bin/../lib/gcc/arm-none-eabi/4.9.2/../../../../arm-none-eabi/lib/thumb\libg.a(lib_a-vfprintf.o)
 .rodata.str1.4
                0x08013028       0x42 c:/devkitpro/devkitarm/bin/../lib/gcc/arm-none-eabi/4.9.2/../../../../arm-none-eabi/lib/thumb\libg.a(lib_a-vfprintf.o)
                                 0x44 (size before relaxing)
 *fill*         0x0801306a        0x2 ff
 .rodata.blanks.7051
                0x0801306c       0x10 c:/devkitpro/devkitarm/bin/../lib/gcc/arm-none-eabi/4.9.2/../../../../arm-none-eabi/lib/thumb\libg.a(lib_a-vfprintf.o)
 .rodata._ctype_
                0x0801307c      0x104 c:/devkitpro/devkitarm/bin/../lib/gcc/arm-none-eabi/4.9.2/../../../../arm-none-eabi/lib/thumb\libg.a(lib_a-ctype_.o)
                0x0801307c                _ctype_
 .rodata.str1.4
                0x08013180       0x10 c:/devkitpro/devkitarm/bin/../lib/gcc/arm-none-eabi/4.9.2/../../../../arm-none-eabi/lib/thumb\libg.a(lib_a-dtoa.o)
                                 0x14 (size before relaxing)
 .rodata.__jp2uc
                0x08013190       0x20 c:/devkitpro/devkitarm/bin/../lib/gcc/arm-none-eabi/4.9.2/../../../../arm-none-eabi/lib/thumb\libg.a(lib_a-jp2uc.o)
 .rodata.a1     0x080131b0       0xbc c:/devkitpro/devkitarm/bin/../lib/gcc/arm-none-eabi/4.9.2/../../../../arm-none-eabi/lib/thumb\libg.a(lib_a-jp2uc.o)
 .rodata.a2     0x0801326c       0xbc c:/devkitpro/devkitarm/bin/../lib/gcc/arm-none-eabi/4.9.2/../../../../arm-none-eabi/lib/thumb\libg.a(lib_a-jp2uc.o)
 .rodata.a3     0x08013328       0x5c c:/devkitpro/devkitarm/bin/../lib/gcc/arm-none-eabi/4.9.2/../../../../arm-none-eabi/lib/thumb\libg.a(lib_a-jp2uc.o)
 .rodata.a6     0x08013384       0x70 c:/devkitpro/devkitarm/bin/../lib/gcc/arm-none-eabi/4.9.2/../../../../arm-none-eabi/lib/thumb\libg.a(lib_a-jp2uc.o)
 .rodata.a7     0x080133f4       0xa4 c:/devkitpro/devkitarm/bin/../lib/gcc/arm-none-eabi/4.9.2/../../../../arm-none-eabi/lib/thumb\libg.a(lib_a-jp2uc.o)
 .rodata.a8     0x08013498       0x40 c:/devkitpro/devkitarm/bin/../lib/gcc/arm-none-eabi/4.9.2/../../../../arm-none-eabi/lib/thumb\libg.a(lib_a-jp2uc.o)
 .rodata.str1.4
                0x080134d8       0x12 c:/devkitpro/devkitarm/bin/../lib/gcc/arm-none-eabi/4.9.2/../../../../arm-none-eabi/lib/thumb\libg.a(lib_a-jp2uc.o)
                                 0x14 (size before relaxing)
 *fill*         0x080134ea        0x2 ff
 .rodata.b02cf  0x080134ec     0x172c c:/devkitpro/devkitarm/bin/../lib/gcc/arm-none-eabi/4.9.2/../../../../arm-none-eabi/lib/thumb\libg.a(lib_a-jp2uc.o)
 .rodata.d02f4  0x08014c18     0x1a7c c:/devkitpro/devkitarm/bin/../lib/gcc/arm-none-eabi/4.9.2/../../../../arm-none-eabi/lib/thumb\libg.a(lib_a-jp2uc.o)
 .rodata.loadlocale
                0x08016694       0xd4 c:/devkitpro/devkitarm/bin/../lib/gcc/arm-none-eabi/4.9.2/../../../../arm-none-eabi/lib/thumb\libg.a(lib_a-locale.o)
 .rodata.str1.4
                0x08016768      0x112 c:/devkitpro/devkitarm/bin/../lib/gcc/arm-none-eabi/4.9.2/../../../../arm-none-eabi/lib/thumb\libg.a(lib_a-locale.o)
                                0x130 (size before relaxing)
 *fill*         0x0801687a        0x2 ff
 .rodata.categories
                0x0801687c       0x1c c:/devkitpro/devkitarm/bin/../lib/gcc/arm-none-eabi/4.9.2/../../../../arm-none-eabi/lib/thumb\libg.a(lib_a-locale.o)
 .rodata.str1.4
                0x08016898        0x4 c:/devkitpro/devkitarm/bin/../lib/gcc/arm-none-eabi/4.9.2/../../../../arm-none-eabi/lib/thumb\libg.a(lib_a-mbrtowc.o)
 .rodata.__jis_mbtowc
                0x08016898       0x18 c:/devkitpro/devkitarm/bin/../lib/gcc/arm-none-eabi/4.9.2/../../../../arm-none-eabi/lib/thumb\libg.a(lib_a-mbtowc_r.o)
 .rodata.JIS_state_table
                0x080168b0       0x48 c:/devkitpro/devkitarm/bin/../lib/gcc/arm-none-eabi/4.9.2/../../../../arm-none-eabi/lib/thumb\libg.a(lib_a-mbtowc_r.o)
 .rodata.JIS_action_table
                0x080168f8       0x48 c:/devkitpro/devkitarm/bin/../lib/gcc/arm-none-eabi/4.9.2/../../../../arm-none-eabi/lib/thumb\libg.a(lib_a-mbtowc_r.o)
 .rodata.p05.5298
                0x08016940        0xc c:/devkitpro/devkitarm/bin/../lib/gcc/arm-none-eabi/4.9.2/../../../../arm-none-eabi/lib/thumb\libg.a(lib_a-mprec.o)
 *fill*         0x0801694c        0x4 ff
 .rodata.__mprec_tens
                0x08016950       0xc8 c:/devkitpro/devkitarm/bin/../lib/gcc/arm-none-eabi/4.9.2/../../../../arm-none-eabi/lib/thumb\libg.a(lib_a-mprec.o)
                0x08016950                __mprec_tens
 .rodata.__mprec_bigtens
                0x08016a18       0x28 c:/devkitpro/devkitarm/bin/../lib/gcc/arm-none-eabi/4.9.2/../../../../arm-none-eabi/lib/thumb\libg.a(lib_a-mprec.o)
                0x08016a18                __mprec_bigtens
 .rodata.__mprec_tinytens
                0x08016a40       0x28 c:/devkitpro/devkitarm/bin/../lib/gcc/arm-none-eabi/4.9.2/../../../../arm-none-eabi/lib/thumb\libg.a(lib_a-mprec.o)
                0x08016a40                __mprec_tinytens
 .rodata.get_arg
                0x08016a68      0x1f8 c:/devkitpro/devkitarm/bin/../lib/gcc/arm-none-eabi/4.9.2/../../../../arm-none-eabi/lib/thumb\libg.a(lib_a-svfiprintf.o)
 .rodata._svfiprintf_r
                0x08016c60      0x16c c:/devkitpro/devkitarm/bin/../lib/gcc/arm-none-eabi/4.9.2/../../../../arm-none-eabi/lib/thumb\libg.a(lib_a-svfiprintf.o)
 .rodata.__state_table
                0x08016dcc       0x6c c:/devkitpro/devkitarm/bin/../lib/gcc/arm-none-eabi/4.9.2/../../../../arm-none-eabi/lib/thumb\libg.a(lib_a-svfiprintf.o)
                0x08016dcc                __state_table
 .rodata.blanks.7015
                0x08016e38       0x10 c:/devkitpro/devkitarm/bin/../lib/gcc/arm-none-eabi/4.9.2/../../../../arm-none-eabi/lib/thumb\libg.a(lib_a-svfiprintf.o)
 .rodata.__chclass
                0x08016e48      0x100 c:/devkitpro/devkitarm/bin/../lib/gcc/arm-none-eabi/4.9.2/../../../../arm-none-eabi/lib/thumb\libg.a(lib_a-svfiprintf.o)
                0x08016e48                __chclass
 .rodata.str1.4
                0x08016f48       0x30 c:/devkitpro/devkitarm/bin/../lib/gcc/arm-none-eabi/4.9.2/../../../../arm-none-eabi/lib/thumb\libg.a(lib_a-svfiprintf.o)
 .rodata.__action_table
                0x08016f48       0x6c c:/devkitpro/devkitarm/bin/../lib/gcc/arm-none-eabi/4.9.2/../../../../arm-none-eabi/lib/thumb\libg.a(lib_a-svfiprintf.o)
                0x08016f48                __action_table
 .rodata.zeroes.7016
                0x08016fb4       0x10 c:/devkitpro/devkitarm/bin/../lib/gcc/arm-none-eabi/4.9.2/../../../../arm-none-eabi/lib/thumb\libg.a(lib_a-svfiprintf.o)
 .rodata.get_arg
                0x08016fc4      0x1f8 c:/devkitpro/devkitarm/bin/../lib/gcc/arm-none-eabi/4.9.2/../../../../arm-none-eabi/lib/thumb\libg.a(lib_a-vfiprintf.o)
 .rodata._vfiprintf_r
                0x080171bc      0x16c c:/devkitpro/devkitarm/bin/../lib/gcc/arm-none-eabi/4.9.2/../../../../arm-none-eabi/lib/thumb\libg.a(lib_a-vfiprintf.o)
 .rodata.zeroes.7030
                0x08017328       0x10 c:/devkitpro/devkitarm/bin/../lib/gcc/arm-none-eabi/4.9.2/../../../../arm-none-eabi/lib/thumb\libg.a(lib_a-vfiprintf.o)
 .rodata.str1.4
                0x08017338       0x30 c:/devkitpro/devkitarm/bin/../lib/gcc/arm-none-eabi/4.9.2/../../../../arm-none-eabi/lib/thumb\libg.a(lib_a-vfiprintf.o)
 .rodata.blanks.7029
                0x08017338       0x10 c:/devkitpro/devkitarm/bin/../lib/gcc/arm-none-eabi/4.9.2/../../../../arm-none-eabi/lib/thumb\libg.a(lib_a-vfiprintf.o)
 .rodata.str1.4
                0x08017348        0x8 c:/devkitpro/devkitarm/bin/../lib/gcc/arm-none-eabi/4.9.2/../../../../arm-none-eabi/lib/thumb\libsysbase.a(iosupport.o)
 *(.gnu.linkonce.r*)
                0x08017368                . = ALIGN (0x4)

.rel.dyn        0x08017350        0x0
 .rel.iplt      0x08017350        0x0 c:/devkitpro/devkitarm/bin/../lib/gcc/arm-none-eabi/4.9.2/../../../../arm-none-eabi/lib/thumb/gba_crt0.o

.ARM.extab
 *(.ARM.extab* .gnu.linkonce.armextab.*)
                0x08017350                __exidx_start = .

.ARM.exidx
 *(.ARM.exidx* .gnu.linkonce.armexidx.*)
                0x08017350                __exidx_end = .

.ctors          0x08017350        0x0
 *crtbegin.o(.ctors)
 *(EXCLUDE_FILE(*crtend.o) .ctors)
 *(SORT(.ctors.*))
 *(.ctors)
                0x08017350                . = ALIGN (0x4)

.dtors          0x08017350        0x0
 *crtbegin.o(.dtors)
 *(EXCLUDE_FILE(*crtend.o) .dtors)
 *(SORT(.dtors.*))
 *(.dtors)
                0x08017350                . = ALIGN (0x4)

.eh_frame       0x08017350       0x48
 *(.eh_frame)
 .eh_frame      0x08017350        0x0 c:/devkitpro/devkitarm/bin/../lib/gcc/arm-none-eabi/4.9.2/thumb/crtbegin.o
 .eh_frame      0x08017350       0x44 c:/devkitpro/devkitarm/bin/../lib/gcc/arm-none-eabi/4.9.2/../../../../arm-none-eabi/lib/thumb\libg.a(lib_a-strcmp.o)
 .eh_frame      0x08017394        0x4 c:/devkitpro/devkitarm/bin/../lib/gcc/arm-none-eabi/4.9.2/thumb/crtend.o
                0x08017398                . = ALIGN (0x4)

.gcc_except_table
                0x08017398        0x0
 *(.gcc_except_table)
                0x08017398                . = ALIGN (0x4)
                0x08017398                __iwram_lma = .

.iwram          0x03000000        0x0 load address 0x08017398
                0x03000000                __iwram_start__ = ABSOLUTE (.)
 *(.iwram)
 *iwram.*(.text)
                0x03000000                . = ALIGN (0x4)
                0x03000000                __iwram_end__ = ABSOLUTE (.)
                0x08017398                __data_lma = (__iwram_lma + SIZEOF (.iwram))

.bss            0x03000000      0x374
                0x03000000                __bss_start = ABSOLUTE (.)
                0x03000000                __bss_start__ = ABSOLUTE (.)
 *(.dynbss)
 *(.gnu.linkonce.b*)
 *(.bss*)
 .bss           0x03000000        0x0 c:/devkitpro/devkitarm/bin/../lib/gcc/arm-none-eabi/4.9.2/../../../../arm-none-eabi/lib/thumb/gba_crt0.o
 .bss           0x03000000        0x0 c:/devkitpro/devkitarm/bin/../lib/gcc/arm-none-eabi/4.9.2/thumb/crti.o
 .bss           0x03000000       0x1c c:/devkitpro/devkitarm/bin/../lib/gcc/arm-none-eabi/4.9.2/thumb/crtbegin.o
 .bss           0x0300001c        0x0 Input.o
 .bss           0x0300001c        0x0 Scanner.o
 .bss           0x0300001c        0x0 main.o
 .bss           0x0300001c        0x0 gbascanf.o
 .bss           0x0300001c       0x1c c:/devkitPro/libgba/lib\libgba.a(console.o)
 .bss           0x03000038        0x0 c:/devkitPro/libgba/lib\libgba.a(amiga.fnt.o)
 .bss           0x03000038        0x0 c:/devkitPro/libgba/lib\libgba.a(CpuSet.o)
 .bss           0x03000038        0x0 c:/devkitpro/devkitarm/bin/../lib/gcc/arm-none-eabi/4.9.2/../../../../arm-none-eabi/lib/thumb\libg.a(lib_a-impure.o)
 .bss           0x03000038        0x0 c:/devkitpro/devkitarm/bin/../lib/gcc/arm-none-eabi/4.9.2/../../../../arm-none-eabi/lib/thumb\libg.a(lib_a-init.o)
 .bss           0x03000038        0x0 c:/devkitpro/devkitarm/bin/../lib/gcc/arm-none-eabi/4.9.2/../../../../arm-none-eabi/lib/thumb\libg.a(lib_a-memset.o)
 .bss           0x03000038        0x0 c:/devkitpro/devkitarm/bin/../lib/gcc/arm-none-eabi/4.9.2/../../../../arm-none-eabi/lib/thumb\libg.a(lib_a-printf.o)
 .bss           0x03000038        0x0 c:/devkitpro/devkitarm/bin/../lib/gcc/arm-none-eabi/4.9.2/../../../../arm-none-eabi/lib/thumb\libg.a(lib_a-putchar.o)
 .bss           0x03000038        0x0 c:/devkitpro/devkitarm/bin/../lib/gcc/arm-none-eabi/4.9.2/../../../../arm-none-eabi/lib/thumb\libg.a(lib_a-putc.o)
 .bss           0x03000038        0x0 c:/devkitpro/devkitarm/bin/../lib/gcc/arm-none-eabi/4.9.2/../../../../arm-none-eabi/lib/thumb\libg.a(lib_a-puts.o)
 .bss           0x03000038        0x0 c:/devkitpro/devkitarm/bin/../lib/gcc/arm-none-eabi/4.9.2/../../../../arm-none-eabi/lib/thumb\libg.a(lib_a-setvbuf.o)
 .bss           0x03000038        0x0 c:/devkitpro/devkitarm/bin/../lib/gcc/arm-none-eabi/4.9.2/../../../../arm-none-eabi/lib/thumb\libg.a(lib_a-siscanf.o)
 .bss           0x03000038        0x0 c:/devkitpro/devkitarm/bin/../lib/gcc/arm-none-eabi/4.9.2/../../../../arm-none-eabi/lib/thumb\libg.a(lib_a-stdio.o)
 .bss           0x03000038        0x0 c:/devkitpro/devkitarm/bin/../lib/gcc/arm-none-eabi/4.9.2/../../../../arm-none-eabi/lib/thumb\libg.a(lib_a-strlen.o)
 .bss           0x03000038        0x0 c:/devkitpro/devkitarm/bin/../lib/gcc/arm-none-eabi/4.9.2/../../../../arm-none-eabi/lib/thumb\libg.a(lib_a-svfiscanf.o)
 .bss           0x03000038        0x0 c:/devkitpro/devkitarm/bin/../lib/gcc/arm-none-eabi/4.9.2/../../../../arm-none-eabi/lib/thumb\libg.a(lib_a-ungetc.o)
 .bss           0x03000038        0x0 c:/devkitpro/devkitarm/bin/../lib/gcc/arm-none-eabi/4.9.2/../../../../arm-none-eabi/lib/thumb\libg.a(lib_a-vfprintf.o)
 .bss           0x03000038        0x0 c:/devkitpro/devkitarm/bin/../lib/gcc/arm-none-eabi/4.9.2/../../../../arm-none-eabi/lib/thumb\libg.a(lib_a-wbuf.o)
 .bss           0x03000038        0x0 c:/devkitpro/devkitarm/bin/../lib/gcc/arm-none-eabi/4.9.2/../../../../arm-none-eabi/lib/thumb\libg.a(lib_a-wcrtomb.o)
 .bss           0x03000038        0x0 c:/devkitpro/devkitarm/bin/../lib/gcc/arm-none-eabi/4.9.2/../../../../arm-none-eabi/lib/thumb\libg.a(lib_a-wcsrtombs.o)
 .bss           0x03000038        0x0 c:/devkitpro/devkitarm/bin/../lib/gcc/arm-none-eabi/4.9.2/../../../../arm-none-eabi/lib/thumb\libg.a(lib_a-wctomb_r.o)
 .bss           0x03000038        0x0 c:/devkitpro/devkitarm/bin/../lib/gcc/arm-none-eabi/4.9.2/../../../../arm-none-eabi/lib/thumb\libg.a(lib_a-wsetup.o)
 .bss           0x03000038        0x0 c:/devkitpro/devkitarm/bin/../lib/gcc/arm-none-eabi/4.9.2/../../../../arm-none-eabi/lib/thumb\libg.a(lib_a-ctype_.o)
 .bss           0x03000038        0x0 c:/devkitpro/devkitarm/bin/../lib/gcc/arm-none-eabi/4.9.2/../../../../arm-none-eabi/lib/thumb\libg.a(lib_a-dtoa.o)
 .bss           0x03000038        0x0 c:/devkitpro/devkitarm/bin/../lib/gcc/arm-none-eabi/4.9.2/../../../../arm-none-eabi/lib/thumb\libg.a(lib_a-fflush.o)
 .bss           0x03000038        0x0 c:/devkitpro/devkitarm/bin/../lib/gcc/arm-none-eabi/4.9.2/../../../../arm-none-eabi/lib/thumb\libg.a(lib_a-findfp.o)
 .bss           0x03000038        0x0 c:/devkitpro/devkitarm/bin/../lib/gcc/arm-none-eabi/4.9.2/../../../../arm-none-eabi/lib/thumb\libg.a(lib_a-freer.o)
 .bss           0x03000038        0x0 c:/devkitpro/devkitarm/bin/../lib/gcc/arm-none-eabi/4.9.2/../../../../arm-none-eabi/lib/thumb\libg.a(lib_a-fvwrite.o)
 .bss           0x03000038        0x0 c:/devkitpro/devkitarm/bin/../lib/gcc/arm-none-eabi/4.9.2/../../../../arm-none-eabi/lib/thumb\libg.a(lib_a-fwalk.o)
 .bss           0x03000038        0x0 c:/devkitpro/devkitarm/bin/../lib/gcc/arm-none-eabi/4.9.2/../../../../arm-none-eabi/lib/thumb\libg.a(lib_a-iswspace.o)
 .bss           0x03000038        0x0 c:/devkitpro/devkitarm/bin/../lib/gcc/arm-none-eabi/4.9.2/../../../../arm-none-eabi/lib/thumb\libg.a(lib_a-jp2uc.o)
 .bss           0x03000038        0x0 c:/devkitpro/devkitarm/bin/../lib/gcc/arm-none-eabi/4.9.2/../../../../arm-none-eabi/lib/thumb\libg.a(lib_a-locale.o)
 .bss._PathLocale
                0x03000038        0x4 c:/devkitpro/devkitarm/bin/../lib/gcc/arm-none-eabi/4.9.2/../../../../arm-none-eabi/lib/thumb\libg.a(lib_a-locale.o)
                0x03000038                _PathLocale
 .bss.__nlocale_changed
                0x0300003c        0x4 c:/devkitpro/devkitarm/bin/../lib/gcc/arm-none-eabi/4.9.2/../../../../arm-none-eabi/lib/thumb\libg.a(lib_a-locale.o)
                0x0300003c                __nlocale_changed
 .bss.__mlocale_changed
                0x03000040        0x4 c:/devkitpro/devkitarm/bin/../lib/gcc/arm-none-eabi/4.9.2/../../../../arm-none-eabi/lib/thumb\libg.a(lib_a-locale.o)
                0x03000040                __mlocale_changed
 .bss.lc_ctype_cjk_lang
                0x03000044        0x4 c:/devkitpro/devkitarm/bin/../lib/gcc/arm-none-eabi/4.9.2/../../../../arm-none-eabi/lib/thumb\libg.a(lib_a-locale.o)
 .bss.new_categories
                0x03000048       0xe0 c:/devkitpro/devkitarm/bin/../lib/gcc/arm-none-eabi/4.9.2/../../../../arm-none-eabi/lib/thumb\libg.a(lib_a-locale.o)
 .bss.current_locale_string
                0x03000128       0xe8 c:/devkitpro/devkitarm/bin/../lib/gcc/arm-none-eabi/4.9.2/../../../../arm-none-eabi/lib/thumb\libg.a(lib_a-locale.o)
 .bss.saved_categories
                0x03000210       0xe0 c:/devkitpro/devkitarm/bin/../lib/gcc/arm-none-eabi/4.9.2/../../../../arm-none-eabi/lib/thumb\libg.a(lib_a-locale.o)
 .bss           0x030002f0        0x0 c:/devkitpro/devkitarm/bin/../lib/gcc/arm-none-eabi/4.9.2/../../../../arm-none-eabi/lib/thumb\libg.a(lib_a-makebuf.o)
 .bss           0x030002f0        0x0 c:/devkitpro/devkitarm/bin/../lib/gcc/arm-none-eabi/4.9.2/../../../../arm-none-eabi/lib/thumb\libg.a(lib_a-malloc.o)
 .bss           0x030002f0        0x0 c:/devkitpro/devkitarm/bin/../lib/gcc/arm-none-eabi/4.9.2/../../../../arm-none-eabi/lib/thumb\libg.a(lib_a-mallocr.o)
 .bss.__malloc_max_total_mem
                0x030002f0        0x4 c:/devkitpro/devkitarm/bin/../lib/gcc/arm-none-eabi/4.9.2/../../../../arm-none-eabi/lib/thumb\libg.a(lib_a-mallocr.o)
                0x030002f0                __malloc_max_total_mem
 .bss.__malloc_max_sbrked_mem
                0x030002f4        0x4 c:/devkitpro/devkitarm/bin/../lib/gcc/arm-none-eabi/4.9.2/../../../../arm-none-eabi/lib/thumb\libg.a(lib_a-mallocr.o)
                0x030002f4                __malloc_max_sbrked_mem
 .bss.__malloc_top_pad
                0x030002f8        0x4 c:/devkitpro/devkitarm/bin/../lib/gcc/arm-none-eabi/4.9.2/../../../../arm-none-eabi/lib/thumb\libg.a(lib_a-mallocr.o)
                0x030002f8                __malloc_top_pad
 .bss.__malloc_current_mallinfo
                0x030002fc       0x28 c:/devkitpro/devkitarm/bin/../lib/gcc/arm-none-eabi/4.9.2/../../../../arm-none-eabi/lib/thumb\libg.a(lib_a-mallocr.o)
                0x030002fc                __malloc_current_mallinfo
 .bss           0x03000324        0x0 c:/devkitpro/devkitarm/bin/../lib/gcc/arm-none-eabi/4.9.2/../../../../arm-none-eabi/lib/thumb\libg.a(lib_a-mbrtowc.o)
 .bss           0x03000324        0x0 c:/devkitpro/devkitarm/bin/../lib/gcc/arm-none-eabi/4.9.2/../../../../arm-none-eabi/lib/thumb\libg.a(lib_a-mbtowc_r.o)
 .bss           0x03000324        0x0 c:/devkitpro/devkitarm/bin/../lib/gcc/arm-none-eabi/4.9.2/../../../../arm-none-eabi/lib/thumb\libg.a(lib_a-memchr.o)
 .bss           0x03000324        0x0 c:/devkitpro/devkitarm/bin/../lib/gcc/arm-none-eabi/4.9.2/../../../../arm-none-eabi/lib/thumb\libg.a(lib_a-memcpy.o)
 .bss           0x03000324        0x0 c:/devkitpro/devkitarm/bin/../lib/gcc/arm-none-eabi/4.9.2/../../../../arm-none-eabi/lib/thumb\libg.a(lib_a-memmove.o)
 .bss           0x03000324        0x0 c:/devkitpro/devkitarm/bin/../lib/gcc/arm-none-eabi/4.9.2/../../../../arm-none-eabi/lib/thumb\libg.a(lib_a-mlock.o)
 .bss           0x03000324        0x0 c:/devkitpro/devkitarm/bin/../lib/gcc/arm-none-eabi/4.9.2/../../../../arm-none-eabi/lib/thumb\libg.a(lib_a-mprec.o)
 .bss           0x03000324        0x0 c:/devkitpro/devkitarm/bin/../lib/gcc/arm-none-eabi/4.9.2/../../../../arm-none-eabi/lib/thumb\libg.a(lib_a-reallocr.o)
 .bss           0x03000324        0x0 c:/devkitpro/devkitarm/bin/../lib/gcc/arm-none-eabi/4.9.2/../../../../arm-none-eabi/lib/thumb\libg.a(lib_a-sccl.o)
 .bss           0x03000324        0x0 c:/devkitpro/devkitarm/bin/../lib/gcc/arm-none-eabi/4.9.2/../../../../arm-none-eabi/lib/thumb\libg.a(lib_a-s_fpclassify.o)
 .bss           0x03000324        0x0 c:/devkitpro/devkitarm/bin/../lib/gcc/arm-none-eabi/4.9.2/../../../../arm-none-eabi/lib/thumb\libg.a(lib_a-s_frexp.o)
 .bss           0x03000324        0x0 c:/devkitpro/devkitarm/bin/../lib/gcc/arm-none-eabi/4.9.2/../../../../arm-none-eabi/lib/thumb\libg.a(lib_a-strcasecmp.o)
 .bss           0x03000324        0x0 c:/devkitpro/devkitarm/bin/../lib/gcc/arm-none-eabi/4.9.2/../../../../arm-none-eabi/lib/thumb\libg.a(lib_a-strcat.o)
 .bss           0x03000324        0x0 c:/devkitpro/devkitarm/bin/../lib/gcc/arm-none-eabi/4.9.2/../../../../arm-none-eabi/lib/thumb\libg.a(lib_a-strchr.o)
 .bss           0x03000324        0x0 c:/devkitpro/devkitarm/bin/../lib/gcc/arm-none-eabi/4.9.2/../../../../arm-none-eabi/lib/thumb\libg.a(lib_a-strcmp.o)
 .bss           0x03000324        0x0 c:/devkitpro/devkitarm/bin/../lib/gcc/arm-none-eabi/4.9.2/../../../../arm-none-eabi/lib/thumb\libg.a(lib_a-strcpy.o)
 .bss           0x03000324        0x0 c:/devkitpro/devkitarm/bin/../lib/gcc/arm-none-eabi/4.9.2/../../../../arm-none-eabi/lib/thumb\libg.a(lib_a-strlcpy.o)
 .bss           0x03000324        0x0 c:/devkitpro/devkitarm/bin/../lib/gcc/arm-none-eabi/4.9.2/../../../../arm-none-eabi/lib/thumb\libg.a(lib_a-strncasecmp.o)
 .bss           0x03000324        0x0 c:/devkitpro/devkitarm/bin/../lib/gcc/arm-none-eabi/4.9.2/../../../../arm-none-eabi/lib/thumb\libg.a(lib_a-strncmp.o)
 .bss           0x03000324        0x0 c:/devkitpro/devkitarm/bin/../lib/gcc/arm-none-eabi/4.9.2/../../../../arm-none-eabi/lib/thumb\libg.a(lib_a-strncpy.o)
 .bss           0x03000324        0x0 c:/devkitpro/devkitarm/bin/../lib/gcc/arm-none-eabi/4.9.2/../../../../arm-none-eabi/lib/thumb\libg.a(lib_a-strtoll_r.o)
 .bss           0x03000324        0x0 c:/devkitpro/devkitarm/bin/../lib/gcc/arm-none-eabi/4.9.2/../../../../arm-none-eabi/lib/thumb\libg.a(lib_a-strtol.o)
 .bss           0x03000324        0x0 c:/devkitpro/devkitarm/bin/../lib/gcc/arm-none-eabi/4.9.2/../../../../arm-none-eabi/lib/thumb\libg.a(lib_a-strtoull_r.o)
 .bss           0x03000324        0x0 c:/devkitpro/devkitarm/bin/../lib/gcc/arm-none-eabi/4.9.2/../../../../arm-none-eabi/lib/thumb\libg.a(lib_a-strtoul.o)
 .bss           0x03000324        0x0 c:/devkitpro/devkitarm/bin/../lib/gcc/arm-none-eabi/4.9.2/../../../../arm-none-eabi/lib/thumb\libg.a(lib_a-svfiprintf.o)
 .bss           0x03000324        0x0 c:/devkitpro/devkitarm/bin/../lib/gcc/arm-none-eabi/4.9.2/../../../../arm-none-eabi/lib/thumb\libg.a(lib_a-vfiprintf.o)
 .bss           0x03000324        0x0 c:/devkitpro/devkitarm/bin/../lib/gcc/arm-none-eabi/4.9.2/../../../../arm-none-eabi/lib/thumb\libg.a(lib_a-wcsnrtombs.o)
 .bss           0x03000324        0x0 c:/devkitpro/devkitarm/bin/../lib/gcc/arm-none-eabi/4.9.2/../../../../arm-none-eabi/lib/thumb\libg.a(lib_a-callocr.o)
 .bss           0x03000324        0x0 c:/devkitpro/devkitarm/bin/../lib/gcc/arm-none-eabi/4.9.2/../../../../arm-none-eabi/lib/thumb\libg.a(lib_a-fclose.o)
 .bss           0x03000324        0x0 c:/devkitpro/devkitarm/bin/../lib/gcc/arm-none-eabi/4.9.2/../../../../arm-none-eabi/lib/thumb\libg.a(lib_a-fputwc.o)
 .bss           0x03000324        0x0 c:/devkitpro/devkitarm/bin/../lib/gcc/arm-none-eabi/4.9.2/../../../../arm-none-eabi/lib/thumb\libg.a(lib_a-getenv_r.o)
 .bss           0x03000324        0x0 c:/devkitpro/devkitarm/bin/../lib/gcc/arm-none-eabi/4.9.2/../../../../arm-none-eabi/lib/thumb\libg.a(lib_a-environ.o)
 .bss.initial_env
                0x03000324        0x4 c:/devkitpro/devkitarm/bin/../lib/gcc/arm-none-eabi/4.9.2/../../../../arm-none-eabi/lib/thumb\libg.a(lib_a-environ.o)
 .bss           0x03000328        0x0 c:/devkitpro/devkitarm/bin/../lib/gcc/arm-none-eabi/4.9.2/../../../../arm-none-eabi/lib/thumb\libg.a(lib_a-envlock.o)
 .bss           0x03000328        0x0 c:/devkitpro/devkitarm/bin/../lib/gcc/arm-none-eabi/4.9.2/../../../../arm-none-eabi/lib/thumb\libsysbase.a(iosupport.o)
 .bss           0x03000328        0x0 c:/devkitpro/devkitarm/bin/../lib/gcc/arm-none-eabi/4.9.2/../../../../arm-none-eabi/lib/thumb\libsysbase.a(close.o)
 .bss           0x03000328        0x0 c:/devkitpro/devkitarm/bin/../lib/gcc/arm-none-eabi/4.9.2/../../../../arm-none-eabi/lib/thumb\libsysbase.a(fstat.o)
 .bss           0x03000328        0x0 c:/devkitpro/devkitarm/bin/../lib/gcc/arm-none-eabi/4.9.2/../../../../arm-none-eabi/lib/thumb\libsysbase.a(isatty.o)
 .bss           0x03000328        0x0 c:/devkitpro/devkitarm/bin/../lib/gcc/arm-none-eabi/4.9.2/../../../../arm-none-eabi/lib/thumb\libsysbase.a(lseek.o)
 .bss           0x03000328        0x0 c:/devkitpro/devkitarm/bin/../lib/gcc/arm-none-eabi/4.9.2/../../../../arm-none-eabi/lib/thumb\libsysbase.a(read.o)
 .bss           0x03000328        0x4 c:/devkitpro/devkitarm/bin/../lib/gcc/arm-none-eabi/4.9.2/../../../../arm-none-eabi/lib/thumb\libsysbase.a(sbrk.o)
 .bss           0x0300032c        0x0 c:/devkitpro/devkitarm/bin/../lib/gcc/arm-none-eabi/4.9.2/../../../../arm-none-eabi/lib/thumb\libsysbase.a(write.o)
 .bss           0x0300032c        0x8 c:/devkitpro/devkitarm/bin/../lib/gcc/arm-none-eabi/4.9.2/../../../../arm-none-eabi/lib/thumb\libsysbase.a(malloc_vars.o)
                0x0300032c                fake_heap_start
                0x03000330                fake_heap_end
 .bss           0x03000334        0x0 c:/devkitpro/devkitarm/bin/../lib/gcc/arm-none-eabi/4.9.2/../../../../arm-none-eabi/lib/thumb\libsysbase.a(flock.o)
 .bss           0x03000334        0x0 c:/devkitpro/devkitarm/bin/../lib/gcc/arm-none-eabi/4.9.2/../../../../arm-none-eabi/lib/thumb\libsysbase.a(handle_manager.o)
 .bss           0x03000334        0x0 c:/devkitpro/devkitarm/bin/../lib/gcc/arm-none-eabi/4.9.2/../../../../arm-none-eabi/lib/thumb\libsysbase.a(getreent.o)
 .bss           0x03000334       0x40 c:/devkitpro/devkitarm/bin/../lib/gcc/arm-none-eabi/4.9.2/../../../../arm-none-eabi/lib/thumb\libsysbase.a(syscall_support.o)
                0x03000334                __syscalls
 .bss           0x03000374        0x0 c:/devkitpro/devkitarm/bin/../lib/gcc/arm-none-eabi/4.9.2/thumb\libgcc.a(_udivsi3.o)
 .bss           0x03000374        0x0 c:/devkitpro/devkitarm/bin/../lib/gcc/arm-none-eabi/4.9.2/thumb\libgcc.a(_divsi3.o)
 .bss           0x03000374        0x0 c:/devkitpro/devkitarm/bin/../lib/gcc/arm-none-eabi/4.9.2/thumb\libgcc.a(_dvmd_tls.o)
 .bss           0x03000374        0x0 c:/devkitpro/devkitarm/bin/../lib/gcc/arm-none-eabi/4.9.2/thumb\libgcc.a(_arm_addsubdf3.o)
 .bss           0x03000374        0x0 c:/devkitpro/devkitarm/bin/../lib/gcc/arm-none-eabi/4.9.2/thumb\libgcc.a(_arm_muldivdf3.o)
 .bss           0x03000374        0x0 c:/devkitpro/devkitarm/bin/../lib/gcc/arm-none-eabi/4.9.2/thumb\libgcc.a(_arm_cmpdf2.o)
 .bss           0x03000374        0x0 c:/devkitpro/devkitarm/bin/../lib/gcc/arm-none-eabi/4.9.2/thumb\libgcc.a(_arm_fixdfsi.o)
 .bss           0x03000374        0x0 c:/devkitpro/devkitarm/bin/../lib/gcc/arm-none-eabi/4.9.2/thumb\libgcc.a(_aeabi_uldivmod.o)
 .bss           0x03000374        0x0 c:/devkitpro/devkitarm/bin/../lib/gcc/arm-none-eabi/4.9.2/thumb\libgcc.a(_muldi3.o)
 .bss           0x03000374        0x0 c:/devkitpro/devkitarm/bin/../lib/gcc/arm-none-eabi/4.9.2/thumb\libgcc.a(bpabi.o)
 .bss           0x03000374        0x0 c:/devkitpro/devkitarm/bin/../lib/gcc/arm-none-eabi/4.9.2/thumb\libgcc.a(_divdi3.o)
 .bss           0x03000374        0x0 c:/devkitpro/devkitarm/bin/../lib/gcc/arm-none-eabi/4.9.2/thumb\libgcc.a(_udivdi3.o)
 .bss           0x03000374        0x0 c:/devkitpro/devkitarm/bin/../lib/gcc/arm-none-eabi/4.9.2/thumb\libgcc.a(_clzdi2.o)
 .bss           0x03000374        0x0 c:/devkitpro/devkitarm/bin/../lib/gcc/arm-none-eabi/4.9.2/thumb\libgcc.a(_clzsi2.o)
 .bss           0x03000374        0x0 c:/devkitpro/devkitarm/bin/../lib/gcc/arm-none-eabi/4.9.2/../../../../arm-none-eabi/lib/thumb\libg.a(lib_a-errno.o)
 .bss           0x03000374        0x0 c:/devkitpro/devkitarm/bin/../lib/gcc/arm-none-eabi/4.9.2/thumb/crtend.o
 .bss           0x03000374        0x0 c:/devkitpro/devkitarm/bin/../lib/gcc/arm-none-eabi/4.9.2/thumb/crtn.o
 *(COMMON)
                0x03000374                . = ALIGN (0x4)
                0x03000374                __bss_end__ = ABSOLUTE (.)

.data           0x03000374     0x1a34 load address 0x08017398
                0x03000374                __data_start__ = ABSOLUTE (.)
 *(.data)
 .data          0x03000374        0x0 c:/devkitpro/devkitarm/bin/../lib/gcc/arm-none-eabi/4.9.2/../../../../arm-none-eabi/lib/thumb/gba_crt0.o
 .data          0x03000374        0x0 c:/devkitpro/devkitarm/bin/../lib/gcc/arm-none-eabi/4.9.2/thumb/crti.o
 .data          0x03000374        0x4 c:/devkitpro/devkitarm/bin/../lib/gcc/arm-none-eabi/4.9.2/thumb/crtbegin.o
                0x03000374                __dso_handle
 .data          0x03000378        0x0 Input.o
 .data          0x03000378        0x0 Scanner.o
 .data          0x03000378        0x0 main.o
 .data          0x03000378        0x0 gbascanf.o
 .data          0x03000378        0x0 c:/devkitPro/libgba/lib\libgba.a(console.o)
 .data          0x03000378        0x0 c:/devkitPro/libgba/lib\libgba.a(amiga.fnt.o)
 .data          0x03000378        0x0 c:/devkitPro/libgba/lib\libgba.a(CpuSet.o)
 .data          0x03000378        0x0 c:/devkitpro/devkitarm/bin/../lib/gcc/arm-none-eabi/4.9.2/../../../../arm-none-eabi/lib/thumb\libg.a(lib_a-impure.o)
 .data          0x03000378        0x0 c:/devkitpro/devkitarm/bin/../lib/gcc/arm-none-eabi/4.9.2/../../../../arm-none-eabi/lib/thumb\libg.a(lib_a-init.o)
 .data          0x03000378        0x0 c:/devkitpro/devkitarm/bin/../lib/gcc/arm-none-eabi/4.9.2/../../../../arm-none-eabi/lib/thumb\libg.a(lib_a-memset.o)
 .data          0x03000378        0x0 c:/devkitpro/devkitarm/bin/../lib/gcc/arm-none-eabi/4.9.2/../../../../arm-none-eabi/lib/thumb\libg.a(lib_a-printf.o)
 .data          0x03000378        0x0 c:/devkitpro/devkitarm/bin/../lib/gcc/arm-none-eabi/4.9.2/../../../../arm-none-eabi/lib/thumb\libg.a(lib_a-putchar.o)
 .data          0x03000378        0x0 c:/devkitpro/devkitarm/bin/../lib/gcc/arm-none-eabi/4.9.2/../../../../arm-none-eabi/lib/thumb\libg.a(lib_a-putc.o)
 .data          0x03000378        0x0 c:/devkitpro/devkitarm/bin/../lib/gcc/arm-none-eabi/4.9.2/../../../../arm-none-eabi/lib/thumb\libg.a(lib_a-puts.o)
 .data          0x03000378        0x0 c:/devkitpro/devkitarm/bin/../lib/gcc/arm-none-eabi/4.9.2/../../../../arm-none-eabi/lib/thumb\libg.a(lib_a-setvbuf.o)
 .data          0x03000378        0x0 c:/devkitpro/devkitarm/bin/../lib/gcc/arm-none-eabi/4.9.2/../../../../arm-none-eabi/lib/thumb\libg.a(lib_a-siscanf.o)
 .data          0x03000378        0x0 c:/devkitpro/devkitarm/bin/../lib/gcc/arm-none-eabi/4.9.2/../../../../arm-none-eabi/lib/thumb\libg.a(lib_a-stdio.o)
 .data          0x03000378        0x0 c:/devkitpro/devkitarm/bin/../lib/gcc/arm-none-eabi/4.9.2/../../../../arm-none-eabi/lib/thumb\libg.a(lib_a-strlen.o)
 .data          0x03000378        0x0 c:/devkitpro/devkitarm/bin/../lib/gcc/arm-none-eabi/4.9.2/../../../../arm-none-eabi/lib/thumb\libg.a(lib_a-svfiscanf.o)
 .data          0x03000378        0x0 c:/devkitpro/devkitarm/bin/../lib/gcc/arm-none-eabi/4.9.2/../../../../arm-none-eabi/lib/thumb\libg.a(lib_a-ungetc.o)
 .data          0x03000378        0x0 c:/devkitpro/devkitarm/bin/../lib/gcc/arm-none-eabi/4.9.2/../../../../arm-none-eabi/lib/thumb\libg.a(lib_a-vfprintf.o)
 .data          0x03000378        0x0 c:/devkitpro/devkitarm/bin/../lib/gcc/arm-none-eabi/4.9.2/../../../../arm-none-eabi/lib/thumb\libg.a(lib_a-wbuf.o)
 .data          0x03000378        0x0 c:/devkitpro/devkitarm/bin/../lib/gcc/arm-none-eabi/4.9.2/../../../../arm-none-eabi/lib/thumb\libg.a(lib_a-wcrtomb.o)
 .data          0x03000378        0x0 c:/devkitpro/devkitarm/bin/../lib/gcc/arm-none-eabi/4.9.2/../../../../arm-none-eabi/lib/thumb\libg.a(lib_a-wcsrtombs.o)
 .data          0x03000378        0x0 c:/devkitpro/devkitarm/bin/../lib/gcc/arm-none-eabi/4.9.2/../../../../arm-none-eabi/lib/thumb\libg.a(lib_a-wctomb_r.o)
 .data          0x03000378        0x0 c:/devkitpro/devkitarm/bin/../lib/gcc/arm-none-eabi/4.9.2/../../../../arm-none-eabi/lib/thumb\libg.a(lib_a-wsetup.o)
 .data          0x03000378        0x0 c:/devkitpro/devkitarm/bin/../lib/gcc/arm-none-eabi/4.9.2/../../../../arm-none-eabi/lib/thumb\libg.a(lib_a-ctype_.o)
 .data          0x03000378        0x0 c:/devkitpro/devkitarm/bin/../lib/gcc/arm-none-eabi/4.9.2/../../../../arm-none-eabi/lib/thumb\libg.a(lib_a-dtoa.o)
 .data          0x03000378        0x0 c:/devkitpro/devkitarm/bin/../lib/gcc/arm-none-eabi/4.9.2/../../../../arm-none-eabi/lib/thumb\libg.a(lib_a-fflush.o)
 .data          0x03000378        0x0 c:/devkitpro/devkitarm/bin/../lib/gcc/arm-none-eabi/4.9.2/../../../../arm-none-eabi/lib/thumb\libg.a(lib_a-findfp.o)
 .data          0x03000378        0x0 c:/devkitpro/devkitarm/bin/../lib/gcc/arm-none-eabi/4.9.2/../../../../arm-none-eabi/lib/thumb\libg.a(lib_a-freer.o)
 .data          0x03000378        0x0 c:/devkitpro/devkitarm/bin/../lib/gcc/arm-none-eabi/4.9.2/../../../../arm-none-eabi/lib/thumb\libg.a(lib_a-fvwrite.o)
 .data          0x03000378        0x0 c:/devkitpro/devkitarm/bin/../lib/gcc/arm-none-eabi/4.9.2/../../../../arm-none-eabi/lib/thumb\libg.a(lib_a-fwalk.o)
 .data          0x03000378        0x0 c:/devkitpro/devkitarm/bin/../lib/gcc/arm-none-eabi/4.9.2/../../../../arm-none-eabi/lib/thumb\libg.a(lib_a-iswspace.o)